Loading cuda/12.9.0/b3yzg3f
  Loading requirement: glibc/2.31/nm2n32h gcc-runtime/12.1.0/usjy2ic
    xz/5.6.3/s23r47p zlib-ng/2.1.5/lovduqa libiconv/1.18/656ulrj
    libxml2/2.13.5/iwuov3b
Resolved 96 packages in 1ms
Audited 70 packages in 0.16ms
Starting training and testing loops for model: ResNet
Epoch 001/100 | Train Loss: 1.8319 | Val Loss: 1.7569 | Train Acc: 0.3858 | Val Acc: 0.4344 | Train F1: 0.3717 | Val F1: 0.3860
Epoch 002/100 | Train Loss: 1.2964 | Val Loss: 4.9636 | Train Acc: 0.5662 | Val Acc: 0.1525 | Train F1: 0.5565 | Val F1: 0.1146
Epoch 003/100 | Train Loss: 1.0254 | Val Loss: 1.3066 | Train Acc: 0.6559 | Val Acc: 0.5558 | Train F1: 0.6497 | Val F1: 0.5385
Epoch 004/100 | Train Loss: 0.8133 | Val Loss: 1.4258 | Train Acc: 0.7286 | Val Acc: 0.5487 | Train F1: 0.7250 | Val F1: 0.5578
Epoch 005/100 | Train Loss: 0.6327 | Val Loss: 1.2582 | Train Acc: 0.7860 | Val Acc: 0.6132 | Train F1: 0.7838 | Val F1: 0.6151
Epoch 006/100 | Train Loss: 0.4836 | Val Loss: 2.3527 | Train Acc: 0.8354 | Val Acc: 0.5058 | Train F1: 0.8345 | Val F1: 0.4627
Epoch 007/100 | Train Loss: 0.3540 | Val Loss: 2.9300 | Train Acc: 0.8785 | Val Acc: 0.4902 | Train F1: 0.8780 | Val F1: 0.4744
Epoch 008/100 | Train Loss: 0.2617 | Val Loss: 0.9719 | Train Acc: 0.9100 | Val Acc: 0.7007 | Train F1: 0.9098 | Val F1: 0.6990
Epoch 009/100 | Train Loss: 0.1885 | Val Loss: 1.5971 | Train Acc: 0.9359 | Val Acc: 0.6379 | Train F1: 0.9358 | Val F1: 0.6257
Epoch 010/100 | Train Loss: 0.1542 | Val Loss: 1.1716 | Train Acc: 0.9472 | Val Acc: 0.7107 | Train F1: 0.9472 | Val F1: 0.7026
Epoch 011/100 | Train Loss: 0.1226 | Val Loss: 1.7057 | Train Acc: 0.9592 | Val Acc: 0.6574 | Train F1: 0.9591 | Val F1: 0.6593
Epoch 012/100 | Train Loss: 0.1088 | Val Loss: 2.2860 | Train Acc: 0.9638 | Val Acc: 0.6417 | Train F1: 0.9638 | Val F1: 0.6258
Epoch 013/100 | Train Loss: 0.0991 | Val Loss: 1.7497 | Train Acc: 0.9661 | Val Acc: 0.6232 | Train F1: 0.9661 | Val F1: 0.6216
Epoch 014/100 | Train Loss: 0.0878 | Val Loss: 0.9737 | Train Acc: 0.9706 | Val Acc: 0.7705 | Train F1: 0.9706 | Val F1: 0.7717
Epoch 015/100 | Train Loss: 0.0811 | Val Loss: 1.3165 | Train Acc: 0.9716 | Val Acc: 0.7368 | Train F1: 0.9716 | Val F1: 0.7393
Epoch 016/100 | Train Loss: 0.0712 | Val Loss: 3.1531 | Train Acc: 0.9763 | Val Acc: 0.5703 | Train F1: 0.9763 | Val F1: 0.5438
Epoch 017/100 | Train Loss: 0.0708 | Val Loss: 1.9361 | Train Acc: 0.9769 | Val Acc: 0.6587 | Train F1: 0.9769 | Val F1: 0.6513
Epoch 018/100 | Train Loss: 0.0649 | Val Loss: 5.3863 | Train Acc: 0.9783 | Val Acc: 0.4219 | Train F1: 0.9783 | Val F1: 0.3946
Epoch 019/100 | Train Loss: 0.0595 | Val Loss: 1.4646 | Train Acc: 0.9801 | Val Acc: 0.7437 | Train F1: 0.9801 | Val F1: 0.7370
Epoch 020/100 | Train Loss: 0.0567 | Val Loss: 1.7513 | Train Acc: 0.9810 | Val Acc: 0.7232 | Train F1: 0.9810 | Val F1: 0.7047
Epoch 021/100 | Train Loss: 0.0536 | Val Loss: 1.6693 | Train Acc: 0.9821 | Val Acc: 0.7192 | Train F1: 0.9821 | Val F1: 0.7194
Epoch 022/100 | Train Loss: 0.0489 | Val Loss: 1.2754 | Train Acc: 0.9837 | Val Acc: 0.7652 | Train F1: 0.9837 | Val F1: 0.7555
Epoch 023/100 | Train Loss: 0.0501 | Val Loss: 1.1830 | Train Acc: 0.9838 | Val Acc: 0.7652 | Train F1: 0.9838 | Val F1: 0.7642
Epoch 024/100 | Train Loss: 0.0502 | Val Loss: 1.2717 | Train Acc: 0.9821 | Val Acc: 0.7696 | Train F1: 0.9821 | Val F1: 0.7679
Epoch 025/100 | Train Loss: 0.0440 | Val Loss: 0.9348 | Train Acc: 0.9846 | Val Acc: 0.8230 | Train F1: 0.9846 | Val F1: 0.8220
Epoch 026/100 | Train Loss: 0.0408 | Val Loss: 1.0390 | Train Acc: 0.9862 | Val Acc: 0.8158 | Train F1: 0.9862 | Val F1: 0.8140
Epoch 027/100 | Train Loss: 0.0486 | Val Loss: 1.5735 | Train Acc: 0.9829 | Val Acc: 0.7163 | Train F1: 0.9829 | Val F1: 0.7205
Epoch 028/100 | Train Loss: 0.0361 | Val Loss: 1.0714 | Train Acc: 0.9867 | Val Acc: 0.7848 | Train F1: 0.9867 | Val F1: 0.7889
Epoch 029/100 | Train Loss: 0.0384 | Val Loss: 1.2329 | Train Acc: 0.9867 | Val Acc: 0.7792 | Train F1: 0.9867 | Val F1: 0.7776
Epoch 030/100 | Train Loss: 0.0430 | Val Loss: 1.0371 | Train Acc: 0.9854 | Val Acc: 0.8100 | Train F1: 0.9854 | Val F1: 0.8103
Epoch 031/100 | Train Loss: 0.0353 | Val Loss: 1.0753 | Train Acc: 0.9876 | Val Acc: 0.8141 | Train F1: 0.9876 | Val F1: 0.8123
Epoch 032/100 | Train Loss: 0.0339 | Val Loss: 1.1206 | Train Acc: 0.9880 | Val Acc: 0.8054 | Train F1: 0.9880 | Val F1: 0.8027
Epoch 033/100 | Train Loss: 0.0428 | Val Loss: 0.9960 | Train Acc: 0.9847 | Val Acc: 0.8129 | Train F1: 0.9847 | Val F1: 0.8111
Epoch 034/100 | Train Loss: 0.0304 | Val Loss: 1.3730 | Train Acc: 0.9887 | Val Acc: 0.7723 | Train F1: 0.9887 | Val F1: 0.7727
Epoch 035/100 | Train Loss: 0.0385 | Val Loss: 2.0724 | Train Acc: 0.9857 | Val Acc: 0.6940 | Train F1: 0.9857 | Val F1: 0.6915
Epoch 036/100 | Train Loss: 0.0296 | Val Loss: 1.1096 | Train Acc: 0.9897 | Val Acc: 0.8058 | Train F1: 0.9897 | Val F1: 0.8055
Epoch 037/100 | Train Loss: 0.0231 | Val Loss: 1.4124 | Train Acc: 0.9915 | Val Acc: 0.7400 | Train F1: 0.9915 | Val F1: 0.7384
Epoch 038/100 | Train Loss: 0.0407 | Val Loss: 1.2133 | Train Acc: 0.9863 | Val Acc: 0.7964 | Train F1: 0.9863 | Val F1: 0.7905
Epoch 039/100 | Train Loss: 0.0267 | Val Loss: 0.9741 | Train Acc: 0.9904 | Val Acc: 0.8288 | Train F1: 0.9904 | Val F1: 0.8255
Epoch 040/100 | Train Loss: 0.0356 | Val Loss: 1.8812 | Train Acc: 0.9871 | Val Acc: 0.7201 | Train F1: 0.9871 | Val F1: 0.7141
Epoch 041/100 | Train Loss: 0.0258 | Val Loss: 2.1135 | Train Acc: 0.9901 | Val Acc: 0.6687 | Train F1: 0.9901 | Val F1: 0.6653
Epoch 042/100 | Train Loss: 0.0298 | Val Loss: 1.3131 | Train Acc: 0.9891 | Val Acc: 0.7895 | Train F1: 0.9891 | Val F1: 0.7912
Epoch 043/100 | Train Loss: 0.0328 | Val Loss: 1.3596 | Train Acc: 0.9876 | Val Acc: 0.7589 | Train F1: 0.9876 | Val F1: 0.7599
Epoch 044/100 | Train Loss: 0.0265 | Val Loss: 1.2376 | Train Acc: 0.9901 | Val Acc: 0.7989 | Train F1: 0.9901 | Val F1: 0.7982
Epoch 045/100 | Train Loss: 0.0247 | Val Loss: 1.1587 | Train Acc: 0.9902 | Val Acc: 0.8004 | Train F1: 0.9902 | Val F1: 0.7988
Epoch 046/100 | Train Loss: 0.0272 | Val Loss: 3.7308 | Train Acc: 0.9894 | Val Acc: 0.5516 | Train F1: 0.9894 | Val F1: 0.5537
Epoch 047/100 | Train Loss: 0.0296 | Val Loss: 3.7002 | Train Acc: 0.9889 | Val Acc: 0.6096 | Train F1: 0.9889 | Val F1: 0.5932
Epoch 048/100 | Train Loss: 0.0264 | Val Loss: 1.2155 | Train Acc: 0.9902 | Val Acc: 0.7993 | Train F1: 0.9902 | Val F1: 0.7955
Epoch 049/100 | Train Loss: 0.0251 | Val Loss: 1.1361 | Train Acc: 0.9899 | Val Acc: 0.7942 | Train F1: 0.9899 | Val F1: 0.7921
Epoch 050/100 | Train Loss: 0.0283 | Val Loss: 1.0659 | Train Acc: 0.9891 | Val Acc: 0.8234 | Train F1: 0.9891 | Val F1: 0.8236
Epoch 051/100 | Train Loss: 0.0220 | Val Loss: 1.1829 | Train Acc: 0.9914 | Val Acc: 0.8136 | Train F1: 0.9914 | Val F1: 0.8111
Epoch 052/100 | Train Loss: 0.0233 | Val Loss: 1.5891 | Train Acc: 0.9907 | Val Acc: 0.7585 | Train F1: 0.9907 | Val F1: 0.7588
Epoch 053/100 | Train Loss: 0.0293 | Val Loss: 1.0778 | Train Acc: 0.9892 | Val Acc: 0.8054 | Train F1: 0.9892 | Val F1: 0.8079
Epoch 054/100 | Train Loss: 0.0225 | Val Loss: 1.1484 | Train Acc: 0.9907 | Val Acc: 0.8103 | Train F1: 0.9907 | Val F1: 0.8109
Epoch 055/100 | Train Loss: 0.0219 | Val Loss: 2.0008 | Train Acc: 0.9914 | Val Acc: 0.6991 | Train F1: 0.9914 | Val F1: 0.6983
Epoch 056/100 | Train Loss: 0.0204 | Val Loss: 2.1133 | Train Acc: 0.9918 | Val Acc: 0.6792 | Train F1: 0.9918 | Val F1: 0.6888
Epoch 057/100 | Train Loss: 0.0287 | Val Loss: 1.2090 | Train Acc: 0.9887 | Val Acc: 0.8183 | Train F1: 0.9887 | Val F1: 0.8179
Epoch 058/100 | Train Loss: 0.0170 | Val Loss: 1.1350 | Train Acc: 0.9932 | Val Acc: 0.8170 | Train F1: 0.9932 | Val F1: 0.8165
Epoch 059/100 | Train Loss: 0.0291 | Val Loss: 2.0792 | Train Acc: 0.9895 | Val Acc: 0.6786 | Train F1: 0.9895 | Val F1: 0.6786
Epoch 060/100 | Train Loss: 0.0186 | Val Loss: 1.6576 | Train Acc: 0.9929 | Val Acc: 0.7777 | Train F1: 0.9929 | Val F1: 0.7703
Epoch 061/100 | Train Loss: 0.0210 | Val Loss: 1.1896 | Train Acc: 0.9912 | Val Acc: 0.8237 | Train F1: 0.9912 | Val F1: 0.8222
Epoch 062/100 | Train Loss: 0.0208 | Val Loss: 1.4669 | Train Acc: 0.9912 | Val Acc: 0.7864 | Train F1: 0.9912 | Val F1: 0.7888
Epoch 063/100 | Train Loss: 0.0234 | Val Loss: 1.4618 | Train Acc: 0.9910 | Val Acc: 0.8018 | Train F1: 0.9910 | Val F1: 0.7993
Epoch 064/100 | Train Loss: 0.0241 | Val Loss: 1.1913 | Train Acc: 0.9907 | Val Acc: 0.8060 | Train F1: 0.9907 | Val F1: 0.8052
Epoch 065/100 | Train Loss: 0.0191 | Val Loss: 1.2949 | Train Acc: 0.9922 | Val Acc: 0.8147 | Train F1: 0.9922 | Val F1: 0.8148
Epoch 066/100 | Train Loss: 0.0222 | Val Loss: 1.1852 | Train Acc: 0.9910 | Val Acc: 0.8112 | Train F1: 0.9910 | Val F1: 0.8085
Epoch 067/100 | Train Loss: 0.0228 | Val Loss: 1.0358 | Train Acc: 0.9907 | Val Acc: 0.8350 | Train F1: 0.9907 | Val F1: 0.8334
Epoch 068/100 | Train Loss: 0.0191 | Val Loss: 1.1628 | Train Acc: 0.9916 | Val Acc: 0.8029 | Train F1: 0.9916 | Val F1: 0.8049
Epoch 069/100 | Train Loss: 0.0139 | Val Loss: 1.1204 | Train Acc: 0.9938 | Val Acc: 0.8384 | Train F1: 0.9938 | Val F1: 0.8364
Epoch 070/100 | Train Loss: 0.0254 | Val Loss: 1.0887 | Train Acc: 0.9898 | Val Acc: 0.8364 | Train F1: 0.9898 | Val F1: 0.8360
Epoch 071/100 | Train Loss: 0.0170 | Val Loss: 2.5680 | Train Acc: 0.9923 | Val Acc: 0.5953 | Train F1: 0.9923 | Val F1: 0.5863
Epoch 072/100 | Train Loss: 0.0200 | Val Loss: 1.1934 | Train Acc: 0.9920 | Val Acc: 0.8208 | Train F1: 0.9920 | Val F1: 0.8208
Epoch 073/100 | Train Loss: 0.0205 | Val Loss: 1.2111 | Train Acc: 0.9916 | Val Acc: 0.8033 | Train F1: 0.9916 | Val F1: 0.8034
Epoch 074/100 | Train Loss: 0.0230 | Val Loss: 1.1950 | Train Acc: 0.9911 | Val Acc: 0.8194 | Train F1: 0.9911 | Val F1: 0.8183
Epoch 075/100 | Train Loss: 0.0174 | Val Loss: 1.4544 | Train Acc: 0.9930 | Val Acc: 0.7982 | Train F1: 0.9930 | Val F1: 0.7979
Epoch 076/100 | Train Loss: 0.0169 | Val Loss: 2.2053 | Train Acc: 0.9927 | Val Acc: 0.7208 | Train F1: 0.9927 | Val F1: 0.7082
Epoch 077/100 | Train Loss: 0.0227 | Val Loss: 1.1418 | Train Acc: 0.9907 | Val Acc: 0.8326 | Train F1: 0.9907 | Val F1: 0.8315
Epoch 078/100 | Train Loss: 0.0135 | Val Loss: 1.1075 | Train Acc: 0.9939 | Val Acc: 0.8348 | Train F1: 0.9939 | Val F1: 0.8345
Epoch 079/100 | Train Loss: 0.0241 | Val Loss: 1.2168 | Train Acc: 0.9902 | Val Acc: 0.8181 | Train F1: 0.9902 | Val F1: 0.8121
Epoch 080/100 | Train Loss: 0.0142 | Val Loss: 1.2321 | Train Acc: 0.9932 | Val Acc: 0.8297 | Train F1: 0.9932 | Val F1: 0.8290
Epoch 081/100 | Train Loss: 0.0217 | Val Loss: 1.4207 | Train Acc: 0.9915 | Val Acc: 0.8022 | Train F1: 0.9915 | Val F1: 0.8032
Epoch 082/100 | Train Loss: 0.0136 | Val Loss: 2.3795 | Train Acc: 0.9931 | Val Acc: 0.7016 | Train F1: 0.9931 | Val F1: 0.7054
Epoch 083/100 | Train Loss: 0.0202 | Val Loss: 1.6872 | Train Acc: 0.9919 | Val Acc: 0.7786 | Train F1: 0.9919 | Val F1: 0.7705
Epoch 084/100 | Train Loss: 0.0212 | Val Loss: 1.4712 | Train Acc: 0.9917 | Val Acc: 0.7871 | Train F1: 0.9917 | Val F1: 0.7830
Epoch 085/100 | Train Loss: 0.0185 | Val Loss: 1.2733 | Train Acc: 0.9922 | Val Acc: 0.8100 | Train F1: 0.9922 | Val F1: 0.8069
Epoch 086/100 | Train Loss: 0.0160 | Val Loss: 1.2970 | Train Acc: 0.9932 | Val Acc: 0.8163 | Train F1: 0.9932 | Val F1: 0.8120
Epoch 087/100 | Train Loss: 0.0179 | Val Loss: 1.3996 | Train Acc: 0.9927 | Val Acc: 0.8230 | Train F1: 0.9927 | Val F1: 0.8237
Epoch 088/100 | Train Loss: 0.0149 | Val Loss: 1.1414 | Train Acc: 0.9932 | Val Acc: 0.8384 | Train F1: 0.9932 | Val F1: 0.8365
Epoch 089/100 | Train Loss: 0.0189 | Val Loss: 1.2537 | Train Acc: 0.9916 | Val Acc: 0.8188 | Train F1: 0.9916 | Val F1: 0.8162
Epoch 090/100 | Train Loss: 0.0171 | Val Loss: 1.1614 | Train Acc: 0.9924 | Val Acc: 0.8263 | Train F1: 0.9924 | Val F1: 0.8247
Epoch 091/100 | Train Loss: 0.0116 | Val Loss: 1.3445 | Train Acc: 0.9946 | Val Acc: 0.8259 | Train F1: 0.9946 | Val F1: 0.8256
Epoch 092/100 | Train Loss: 0.0201 | Val Loss: 1.3247 | Train Acc: 0.9925 | Val Acc: 0.8174 | Train F1: 0.9925 | Val F1: 0.8169
Epoch 093/100 | Train Loss: 0.0165 | Val Loss: 1.1682 | Train Acc: 0.9927 | Val Acc: 0.8346 | Train F1: 0.9927 | Val F1: 0.8335
Epoch 094/100 | Train Loss: 0.0164 | Val Loss: 1.2587 | Train Acc: 0.9926 | Val Acc: 0.8283 | Train F1: 0.9926 | Val F1: 0.8267
Epoch 095/100 | Train Loss: 0.0171 | Val Loss: 1.3101 | Train Acc: 0.9927 | Val Acc: 0.8141 | Train F1: 0.9927 | Val F1: 0.8091
Epoch 096/100 | Train Loss: 0.0134 | Val Loss: 1.2426 | Train Acc: 0.9940 | Val Acc: 0.8248 | Train F1: 0.9940 | Val F1: 0.8248
Epoch 097/100 | Train Loss: 0.0193 | Val Loss: 1.5320 | Train Acc: 0.9926 | Val Acc: 0.7775 | Train F1: 0.9926 | Val F1: 0.7786
Epoch 098/100 | Train Loss: 0.0152 | Val Loss: 1.2454 | Train Acc: 0.9931 | Val Acc: 0.8270 | Train F1: 0.9931 | Val F1: 0.8245
Epoch 099/100 | Train Loss: 0.0161 | Val Loss: 1.6142 | Train Acc: 0.9924 | Val Acc: 0.7911 | Train F1: 0.9924 | Val F1: 0.7873
Epoch 100/100 | Train Loss: 0.0181 | Val Loss: 1.3778 | Train Acc: 0.9927 | Val Acc: 0.8208 | Train F1: 0.9927 | Val F1: 0.8221
Test Results | Loss: 1.5029 | Acc: 0.8150 | F1: 0.8164
ResNet training and testing completed.
