Loading cuda/12.9.0/b3yzg3f
  Loading requirement: glibc/2.31/nm2n32h gcc-runtime/12.1.0/usjy2ic
    xz/5.6.3/s23r47p zlib-ng/2.1.5/lovduqa libiconv/1.18/656ulrj
    libxml2/2.13.5/iwuov3b
Resolved 101 packages in 1ms
Audited 76 packages in 0.82ms
Starting training and testing loops for model: ResNet
Epoch 001/100 | Train Loss: 1.4515 | Val Loss: 1.5801 | Train Acc: 0.5154 | Val Acc: 0.4741 | Train F1: 0.5036 | Val F1: 0.4803
Epoch 002/100 | Train Loss: 1.0034 | Val Loss: 2.6665 | Train Acc: 0.6670 | Val Acc: 0.3283 | Train F1: 0.6608 | Val F1: 0.2662
Epoch 003/100 | Train Loss: 0.7793 | Val Loss: 4.8005 | Train Acc: 0.7374 | Val Acc: 0.1250 | Train F1: 0.7339 | Val F1: 0.0930
Epoch 004/100 | Train Loss: 0.6133 | Val Loss: 1.6795 | Train Acc: 0.7969 | Val Acc: 0.5357 | Train F1: 0.7950 | Val F1: 0.5205
Epoch 005/100 | Train Loss: 0.4902 | Val Loss: 5.4930 | Train Acc: 0.8340 | Val Acc: 0.2096 | Train F1: 0.8329 | Val F1: 0.1693
Epoch 006/100 | Train Loss: 0.3766 | Val Loss: 1.6740 | Train Acc: 0.8732 | Val Acc: 0.5455 | Train F1: 0.8726 | Val F1: 0.5458
Epoch 007/100 | Train Loss: 0.2841 | Val Loss: 1.0929 | Train Acc: 0.9066 | Val Acc: 0.6500 | Train F1: 0.9063 | Val F1: 0.6480
Epoch 008/100 | Train Loss: 0.2321 | Val Loss: 2.5638 | Train Acc: 0.9225 | Val Acc: 0.4618 | Train F1: 0.9224 | Val F1: 0.4346
Epoch 009/100 | Train Loss: 0.1852 | Val Loss: 1.9281 | Train Acc: 0.9386 | Val Acc: 0.5741 | Train F1: 0.9385 | Val F1: 0.5644
Epoch 010/100 | Train Loss: 0.1482 | Val Loss: 2.3032 | Train Acc: 0.9504 | Val Acc: 0.5549 | Train F1: 0.9504 | Val F1: 0.5204
Epoch 011/100 | Train Loss: 0.1382 | Val Loss: 1.0127 | Train Acc: 0.9545 | Val Acc: 0.7422 | Train F1: 0.9545 | Val F1: 0.7377
Epoch 012/100 | Train Loss: 0.1108 | Val Loss: 1.1061 | Train Acc: 0.9635 | Val Acc: 0.7270 | Train F1: 0.9635 | Val F1: 0.7332
Epoch 013/100 | Train Loss: 0.1055 | Val Loss: 5.5249 | Train Acc: 0.9640 | Val Acc: 0.3458 | Train F1: 0.9639 | Val F1: 0.3670
Epoch 014/100 | Train Loss: 0.0930 | Val Loss: 2.9968 | Train Acc: 0.9702 | Val Acc: 0.4969 | Train F1: 0.9702 | Val F1: 0.5005
Epoch 015/100 | Train Loss: 0.0888 | Val Loss: 1.0485 | Train Acc: 0.9710 | Val Acc: 0.7324 | Train F1: 0.9709 | Val F1: 0.7356
Epoch 016/100 | Train Loss: 0.0769 | Val Loss: 0.9429 | Train Acc: 0.9750 | Val Acc: 0.7703 | Train F1: 0.9750 | Val F1: 0.7693
Epoch 017/100 | Train Loss: 0.0706 | Val Loss: 1.4525 | Train Acc: 0.9759 | Val Acc: 0.7100 | Train F1: 0.9759 | Val F1: 0.6919
Epoch 018/100 | Train Loss: 0.0736 | Val Loss: 1.3572 | Train Acc: 0.9755 | Val Acc: 0.7087 | Train F1: 0.9755 | Val F1: 0.7038
Epoch 019/100 | Train Loss: 0.0738 | Val Loss: 1.5929 | Train Acc: 0.9756 | Val Acc: 0.6806 | Train F1: 0.9756 | Val F1: 0.6812
Epoch 020/100 | Train Loss: 0.0587 | Val Loss: 1.3403 | Train Acc: 0.9806 | Val Acc: 0.7239 | Train F1: 0.9806 | Val F1: 0.7136
Epoch 021/100 | Train Loss: 0.0587 | Val Loss: 1.3441 | Train Acc: 0.9802 | Val Acc: 0.7478 | Train F1: 0.9802 | Val F1: 0.7423
Epoch 022/100 | Train Loss: 0.0558 | Val Loss: 1.4618 | Train Acc: 0.9816 | Val Acc: 0.7292 | Train F1: 0.9816 | Val F1: 0.7250
Epoch 023/100 | Train Loss: 0.0533 | Val Loss: 1.2840 | Train Acc: 0.9827 | Val Acc: 0.7377 | Train F1: 0.9827 | Val F1: 0.7286
Epoch 024/100 | Train Loss: 0.0451 | Val Loss: 1.0539 | Train Acc: 0.9842 | Val Acc: 0.7853 | Train F1: 0.9842 | Val F1: 0.7835
Epoch 025/100 | Train Loss: 0.0548 | Val Loss: 0.8923 | Train Acc: 0.9812 | Val Acc: 0.8078 | Train F1: 0.9812 | Val F1: 0.8082
Epoch 026/100 | Train Loss: 0.0431 | Val Loss: 0.9625 | Train Acc: 0.9845 | Val Acc: 0.7781 | Train F1: 0.9845 | Val F1: 0.7757
Epoch 027/100 | Train Loss: 0.0469 | Val Loss: 1.9857 | Train Acc: 0.9837 | Val Acc: 0.6308 | Train F1: 0.9837 | Val F1: 0.6274
Epoch 028/100 | Train Loss: 0.0414 | Val Loss: 1.4665 | Train Acc: 0.9859 | Val Acc: 0.7324 | Train F1: 0.9859 | Val F1: 0.7275
Epoch 029/100 | Train Loss: 0.0430 | Val Loss: 0.9808 | Train Acc: 0.9848 | Val Acc: 0.7900 | Train F1: 0.9848 | Val F1: 0.7902
Epoch 030/100 | Train Loss: 0.0421 | Val Loss: 1.3279 | Train Acc: 0.9855 | Val Acc: 0.7511 | Train F1: 0.9855 | Val F1: 0.7537
Epoch 031/100 | Train Loss: 0.0376 | Val Loss: 1.6984 | Train Acc: 0.9866 | Val Acc: 0.6951 | Train F1: 0.9866 | Val F1: 0.6984
Epoch 032/100 | Train Loss: 0.0388 | Val Loss: 1.0474 | Train Acc: 0.9864 | Val Acc: 0.7917 | Train F1: 0.9864 | Val F1: 0.7894
Epoch 033/100 | Train Loss: 0.0360 | Val Loss: 1.4658 | Train Acc: 0.9869 | Val Acc: 0.7254 | Train F1: 0.9869 | Val F1: 0.7243
Epoch 034/100 | Train Loss: 0.0304 | Val Loss: 1.1486 | Train Acc: 0.9888 | Val Acc: 0.7815 | Train F1: 0.9888 | Val F1: 0.7764
Epoch 035/100 | Train Loss: 0.0398 | Val Loss: 1.2385 | Train Acc: 0.9858 | Val Acc: 0.7641 | Train F1: 0.9858 | Val F1: 0.7648
Epoch 036/100 | Train Loss: 0.0293 | Val Loss: 0.9443 | Train Acc: 0.9888 | Val Acc: 0.8123 | Train F1: 0.9888 | Val F1: 0.8115
Epoch 037/100 | Train Loss: 0.0312 | Val Loss: 1.4393 | Train Acc: 0.9888 | Val Acc: 0.7451 | Train F1: 0.9888 | Val F1: 0.7455
Epoch 038/100 | Train Loss: 0.0314 | Val Loss: 0.9306 | Train Acc: 0.9884 | Val Acc: 0.8185 | Train F1: 0.9884 | Val F1: 0.8164
Epoch 039/100 | Train Loss: 0.0308 | Val Loss: 0.8738 | Train Acc: 0.9885 | Val Acc: 0.8254 | Train F1: 0.9885 | Val F1: 0.8227
Epoch 040/100 | Train Loss: 0.0301 | Val Loss: 1.3855 | Train Acc: 0.9888 | Val Acc: 0.7426 | Train F1: 0.9888 | Val F1: 0.7380
Epoch 041/100 | Train Loss: 0.0282 | Val Loss: 1.0945 | Train Acc: 0.9895 | Val Acc: 0.7929 | Train F1: 0.9895 | Val F1: 0.7928
Epoch 042/100 | Train Loss: 0.0290 | Val Loss: 1.1397 | Train Acc: 0.9884 | Val Acc: 0.7835 | Train F1: 0.9884 | Val F1: 0.7858
Epoch 043/100 | Train Loss: 0.0271 | Val Loss: 0.9423 | Train Acc: 0.9899 | Val Acc: 0.8147 | Train F1: 0.9899 | Val F1: 0.8132
Epoch 044/100 | Train Loss: 0.0280 | Val Loss: 1.0551 | Train Acc: 0.9895 | Val Acc: 0.7993 | Train F1: 0.9895 | Val F1: 0.7997
Epoch 045/100 | Train Loss: 0.0296 | Val Loss: 0.8811 | Train Acc: 0.9891 | Val Acc: 0.8279 | Train F1: 0.9891 | Val F1: 0.8296
Epoch 046/100 | Train Loss: 0.0195 | Val Loss: 1.1768 | Train Acc: 0.9917 | Val Acc: 0.7607 | Train F1: 0.9917 | Val F1: 0.7531
Epoch 047/100 | Train Loss: 0.0314 | Val Loss: 1.0878 | Train Acc: 0.9876 | Val Acc: 0.7940 | Train F1: 0.9876 | Val F1: 0.7938
Epoch 048/100 | Train Loss: 0.0240 | Val Loss: 0.9287 | Train Acc: 0.9902 | Val Acc: 0.8145 | Train F1: 0.9902 | Val F1: 0.8154
Epoch 049/100 | Train Loss: 0.0229 | Val Loss: 1.2938 | Train Acc: 0.9912 | Val Acc: 0.7779 | Train F1: 0.9912 | Val F1: 0.7805
Epoch 050/100 | Train Loss: 0.0243 | Val Loss: 0.9774 | Train Acc: 0.9902 | Val Acc: 0.8254 | Train F1: 0.9902 | Val F1: 0.8262
Epoch 051/100 | Train Loss: 0.0274 | Val Loss: 1.0525 | Train Acc: 0.9893 | Val Acc: 0.8029 | Train F1: 0.9893 | Val F1: 0.8037
Epoch 052/100 | Train Loss: 0.0212 | Val Loss: 0.9516 | Train Acc: 0.9912 | Val Acc: 0.8208 | Train F1: 0.9912 | Val F1: 0.8215
Epoch 053/100 | Train Loss: 0.0277 | Val Loss: 1.3462 | Train Acc: 0.9895 | Val Acc: 0.7694 | Train F1: 0.9895 | Val F1: 0.7718
Epoch 054/100 | Train Loss: 0.0197 | Val Loss: 1.1182 | Train Acc: 0.9916 | Val Acc: 0.7978 | Train F1: 0.9916 | Val F1: 0.7899
Epoch 055/100 | Train Loss: 0.0226 | Val Loss: 1.8694 | Train Acc: 0.9906 | Val Acc: 0.7263 | Train F1: 0.9906 | Val F1: 0.7130
Epoch 056/100 | Train Loss: 0.0213 | Val Loss: 1.1233 | Train Acc: 0.9912 | Val Acc: 0.8080 | Train F1: 0.9912 | Val F1: 0.8035
Epoch 057/100 | Train Loss: 0.0206 | Val Loss: 1.0483 | Train Acc: 0.9914 | Val Acc: 0.8208 | Train F1: 0.9914 | Val F1: 0.8172
Epoch 058/100 | Train Loss: 0.0219 | Val Loss: 0.9207 | Train Acc: 0.9908 | Val Acc: 0.8408 | Train F1: 0.9908 | Val F1: 0.8396
Epoch 059/100 | Train Loss: 0.0199 | Val Loss: 1.1541 | Train Acc: 0.9920 | Val Acc: 0.8083 | Train F1: 0.9920 | Val F1: 0.8066
Epoch 060/100 | Train Loss: 0.0205 | Val Loss: 1.2338 | Train Acc: 0.9917 | Val Acc: 0.7920 | Train F1: 0.9917 | Val F1: 0.7904
Epoch 061/100 | Train Loss: 0.0199 | Val Loss: 1.2284 | Train Acc: 0.9918 | Val Acc: 0.7984 | Train F1: 0.9918 | Val F1: 0.7987
Epoch 062/100 | Train Loss: 0.0243 | Val Loss: 1.1221 | Train Acc: 0.9902 | Val Acc: 0.8234 | Train F1: 0.9902 | Val F1: 0.8203
Epoch 063/100 | Train Loss: 0.0139 | Val Loss: 1.0588 | Train Acc: 0.9934 | Val Acc: 0.8272 | Train F1: 0.9934 | Val F1: 0.8249
Epoch 064/100 | Train Loss: 0.0204 | Val Loss: 1.0406 | Train Acc: 0.9910 | Val Acc: 0.8185 | Train F1: 0.9910 | Val F1: 0.8172
Epoch 065/100 | Train Loss: 0.0168 | Val Loss: 1.0226 | Train Acc: 0.9927 | Val Acc: 0.8232 | Train F1: 0.9927 | Val F1: 0.8218
Epoch 066/100 | Train Loss: 0.0203 | Val Loss: 1.1590 | Train Acc: 0.9914 | Val Acc: 0.8150 | Train F1: 0.9913 | Val F1: 0.8115
Epoch 067/100 | Train Loss: 0.0199 | Val Loss: 1.2653 | Train Acc: 0.9920 | Val Acc: 0.7951 | Train F1: 0.9920 | Val F1: 0.7937
Epoch 068/100 | Train Loss: 0.0188 | Val Loss: 1.0918 | Train Acc: 0.9920 | Val Acc: 0.8205 | Train F1: 0.9920 | Val F1: 0.8171
Epoch 069/100 | Train Loss: 0.0155 | Val Loss: 1.1904 | Train Acc: 0.9931 | Val Acc: 0.7998 | Train F1: 0.9931 | Val F1: 0.7981
Epoch 070/100 | Train Loss: 0.0183 | Val Loss: 1.4346 | Train Acc: 0.9919 | Val Acc: 0.7674 | Train F1: 0.9919 | Val F1: 0.7641
Epoch 071/100 | Train Loss: 0.0203 | Val Loss: 0.9737 | Train Acc: 0.9916 | Val Acc: 0.8254 | Train F1: 0.9916 | Val F1: 0.8247
Epoch 072/100 | Train Loss: 0.0162 | Val Loss: 1.3444 | Train Acc: 0.9930 | Val Acc: 0.7839 | Train F1: 0.9930 | Val F1: 0.7817
Epoch 073/100 | Train Loss: 0.0179 | Val Loss: 1.3713 | Train Acc: 0.9924 | Val Acc: 0.7962 | Train F1: 0.9924 | Val F1: 0.7942
Epoch 074/100 | Train Loss: 0.0176 | Val Loss: 1.2061 | Train Acc: 0.9927 | Val Acc: 0.8051 | Train F1: 0.9927 | Val F1: 0.8029
Epoch 075/100 | Train Loss: 0.0158 | Val Loss: 1.0297 | Train Acc: 0.9930 | Val Acc: 0.8355 | Train F1: 0.9930 | Val F1: 0.8335
Epoch 076/100 | Train Loss: 0.0150 | Val Loss: 1.7508 | Train Acc: 0.9936 | Val Acc: 0.7132 | Train F1: 0.9936 | Val F1: 0.7142
Epoch 077/100 | Train Loss: 0.0204 | Val Loss: 1.3093 | Train Acc: 0.9910 | Val Acc: 0.7991 | Train F1: 0.9910 | Val F1: 0.7985
Epoch 078/100 | Train Loss: 0.0161 | Val Loss: 1.0066 | Train Acc: 0.9928 | Val Acc: 0.8268 | Train F1: 0.9928 | Val F1: 0.8266
Epoch 079/100 | Train Loss: 0.0168 | Val Loss: 1.0123 | Train Acc: 0.9927 | Val Acc: 0.8270 | Train F1: 0.9927 | Val F1: 0.8231
Epoch 080/100 | Train Loss: 0.0198 | Val Loss: 1.1294 | Train Acc: 0.9913 | Val Acc: 0.8158 | Train F1: 0.9913 | Val F1: 0.8142
Epoch 081/100 | Train Loss: 0.0169 | Val Loss: 0.9270 | Train Acc: 0.9923 | Val Acc: 0.8400 | Train F1: 0.9923 | Val F1: 0.8387
Epoch 082/100 | Train Loss: 0.0155 | Val Loss: 0.9532 | Train Acc: 0.9930 | Val Acc: 0.8442 | Train F1: 0.9930 | Val F1: 0.8440
Epoch 083/100 | Train Loss: 0.0140 | Val Loss: 1.2060 | Train Acc: 0.9935 | Val Acc: 0.8188 | Train F1: 0.9935 | Val F1: 0.8170
Epoch 084/100 | Train Loss: 0.0160 | Val Loss: 1.0506 | Train Acc: 0.9929 | Val Acc: 0.8223 | Train F1: 0.9929 | Val F1: 0.8217
Epoch 085/100 | Train Loss: 0.0161 | Val Loss: 1.4538 | Train Acc: 0.9931 | Val Acc: 0.7766 | Train F1: 0.9931 | Val F1: 0.7811
Epoch 086/100 | Train Loss: 0.0179 | Val Loss: 1.2766 | Train Acc: 0.9922 | Val Acc: 0.8013 | Train F1: 0.9922 | Val F1: 0.7987
Epoch 087/100 | Train Loss: 0.0145 | Val Loss: 1.1129 | Train Acc: 0.9928 | Val Acc: 0.8201 | Train F1: 0.9928 | Val F1: 0.8174
Epoch 088/100 | Train Loss: 0.0147 | Val Loss: 1.2326 | Train Acc: 0.9936 | Val Acc: 0.8147 | Train F1: 0.9936 | Val F1: 0.8116
Epoch 089/100 | Train Loss: 0.0167 | Val Loss: 1.0300 | Train Acc: 0.9930 | Val Acc: 0.8346 | Train F1: 0.9930 | Val F1: 0.8315
Epoch 090/100 | Train Loss: 0.0120 | Val Loss: 1.0329 | Train Acc: 0.9941 | Val Acc: 0.8324 | Train F1: 0.9941 | Val F1: 0.8308
Epoch 091/100 | Train Loss: 0.0187 | Val Loss: 1.0869 | Train Acc: 0.9919 | Val Acc: 0.8301 | Train F1: 0.9919 | Val F1: 0.8264
Epoch 092/100 | Train Loss: 0.0110 | Val Loss: 1.3670 | Train Acc: 0.9945 | Val Acc: 0.7953 | Train F1: 0.9945 | Val F1: 0.7955
Epoch 093/100 | Train Loss: 0.0174 | Val Loss: 1.0931 | Train Acc: 0.9922 | Val Acc: 0.8297 | Train F1: 0.9922 | Val F1: 0.8259
Epoch 094/100 | Train Loss: 0.0129 | Val Loss: 1.0454 | Train Acc: 0.9940 | Val Acc: 0.8328 | Train F1: 0.9940 | Val F1: 0.8310
Epoch 095/100 | Train Loss: 0.0118 | Val Loss: 1.1042 | Train Acc: 0.9941 | Val Acc: 0.8272 | Train F1: 0.9941 | Val F1: 0.8260
Epoch 096/100 | Train Loss: 0.0174 | Val Loss: 1.4390 | Train Acc: 0.9921 | Val Acc: 0.7632 | Train F1: 0.9921 | Val F1: 0.7661
Epoch 097/100 | Train Loss: 0.0112 | Val Loss: 1.1921 | Train Acc: 0.9943 | Val Acc: 0.8190 | Train F1: 0.9943 | Val F1: 0.8155
Epoch 098/100 | Train Loss: 0.0150 | Val Loss: 1.0822 | Train Acc: 0.9932 | Val Acc: 0.8225 | Train F1: 0.9932 | Val F1: 0.8211
Epoch 099/100 | Train Loss: 0.0128 | Val Loss: 1.0248 | Train Acc: 0.9940 | Val Acc: 0.8357 | Train F1: 0.9940 | Val F1: 0.8345
Epoch 100/100 | Train Loss: 0.0161 | Val Loss: 1.1078 | Train Acc: 0.9930 | Val Acc: 0.8272 | Train F1: 0.9930 | Val F1: 0.8260
Test Results | Loss: 1.1504 | Acc: 0.8301 | F1: 0.8286
ResNet training and testing completed.
