Loading cuda/12.9.0/b3yzg3f
  Loading requirement: glibc/2.31/nm2n32h gcc-runtime/12.1.0/usjy2ic
    xz/5.6.3/s23r47p zlib-ng/2.1.5/lovduqa libiconv/1.18/656ulrj
    libxml2/2.13.5/iwuov3b
Resolved 101 packages in 1ms
Audited 76 packages in 0.66ms
Starting training and testing loops for model: MicroAudioCNN
Epoch 001/100 | Train Loss: 1.9182 | Val Loss: 2.4764 | Train Acc: 0.3574 | Val Acc: 0.2076 | Train F1: 0.3380 | Val F1: 0.1287
Epoch 002/100 | Train Loss: 1.5540 | Val Loss: 2.1760 | Train Acc: 0.4836 | Val Acc: 0.2795 | Train F1: 0.4676 | Val F1: 0.2155
Epoch 003/100 | Train Loss: 1.4261 | Val Loss: 1.9757 | Train Acc: 0.5247 | Val Acc: 0.3475 | Train F1: 0.5101 | Val F1: 0.3046
Epoch 004/100 | Train Loss: 1.3240 | Val Loss: 16.9707 | Train Acc: 0.5585 | Val Acc: 0.1239 | Train F1: 0.5461 | Val F1: 0.0772
Epoch 005/100 | Train Loss: 1.2608 | Val Loss: 2.7975 | Train Acc: 0.5803 | Val Acc: 0.2837 | Train F1: 0.5689 | Val F1: 0.2821
Epoch 006/100 | Train Loss: 1.2111 | Val Loss: 6.0908 | Train Acc: 0.5971 | Val Acc: 0.1500 | Train F1: 0.5864 | Val F1: 0.1066
Epoch 007/100 | Train Loss: 1.1608 | Val Loss: 3.0064 | Train Acc: 0.6132 | Val Acc: 0.2326 | Train F1: 0.6038 | Val F1: 0.2142
Epoch 008/100 | Train Loss: 1.1218 | Val Loss: 2.1648 | Train Acc: 0.6256 | Val Acc: 0.4241 | Train F1: 0.6162 | Val F1: 0.3932
Epoch 009/100 | Train Loss: 1.0918 | Val Loss: 4.3385 | Train Acc: 0.6368 | Val Acc: 0.2188 | Train F1: 0.6278 | Val F1: 0.1739
Epoch 010/100 | Train Loss: 1.0638 | Val Loss: 1.9468 | Train Acc: 0.6460 | Val Acc: 0.4373 | Train F1: 0.6375 | Val F1: 0.4177
Epoch 011/100 | Train Loss: 1.0320 | Val Loss: 1.2684 | Train Acc: 0.6563 | Val Acc: 0.5750 | Train F1: 0.6484 | Val F1: 0.5591
Epoch 012/100 | Train Loss: 1.0145 | Val Loss: 7.1096 | Train Acc: 0.6609 | Val Acc: 0.1886 | Train F1: 0.6536 | Val F1: 0.1635
Epoch 013/100 | Train Loss: 0.9797 | Val Loss: 1.7117 | Train Acc: 0.6744 | Val Acc: 0.4379 | Train F1: 0.6678 | Val F1: 0.4335
Epoch 014/100 | Train Loss: 0.9679 | Val Loss: 1.4144 | Train Acc: 0.6770 | Val Acc: 0.5199 | Train F1: 0.6707 | Val F1: 0.5094
Epoch 015/100 | Train Loss: 0.9480 | Val Loss: 7.1300 | Train Acc: 0.6823 | Val Acc: 0.1790 | Train F1: 0.6760 | Val F1: 0.1094
Epoch 016/100 | Train Loss: 0.9254 | Val Loss: 15.6092 | Train Acc: 0.6911 | Val Acc: 0.1065 | Train F1: 0.6847 | Val F1: 0.0643
Epoch 017/100 | Train Loss: 0.9168 | Val Loss: 14.6131 | Train Acc: 0.6915 | Val Acc: 0.1252 | Train F1: 0.6856 | Val F1: 0.0839
Epoch 018/100 | Train Loss: 0.9009 | Val Loss: 2.9536 | Train Acc: 0.6983 | Val Acc: 0.3864 | Train F1: 0.6922 | Val F1: 0.3181
Epoch 019/100 | Train Loss: 0.8845 | Val Loss: 10.4490 | Train Acc: 0.7037 | Val Acc: 0.2007 | Train F1: 0.6982 | Val F1: 0.1822
Epoch 020/100 | Train Loss: 0.8690 | Val Loss: 5.8136 | Train Acc: 0.7077 | Val Acc: 0.2850 | Train F1: 0.7022 | Val F1: 0.2762
Epoch 021/100 | Train Loss: 0.8506 | Val Loss: 2.1165 | Train Acc: 0.7164 | Val Acc: 0.4605 | Train F1: 0.7111 | Val F1: 0.4529
Epoch 022/100 | Train Loss: 0.8482 | Val Loss: 2.4027 | Train Acc: 0.7146 | Val Acc: 0.4268 | Train F1: 0.7097 | Val F1: 0.3778
Epoch 023/100 | Train Loss: 0.8313 | Val Loss: 1.9482 | Train Acc: 0.7234 | Val Acc: 0.4783 | Train F1: 0.7187 | Val F1: 0.4659
Epoch 024/100 | Train Loss: 0.8177 | Val Loss: 1.5856 | Train Acc: 0.7256 | Val Acc: 0.4786 | Train F1: 0.7206 | Val F1: 0.4593
Epoch 025/100 | Train Loss: 0.8111 | Val Loss: 1.8966 | Train Acc: 0.7241 | Val Acc: 0.4891 | Train F1: 0.7193 | Val F1: 0.4567
Epoch 026/100 | Train Loss: 0.7958 | Val Loss: 1.4570 | Train Acc: 0.7333 | Val Acc: 0.5562 | Train F1: 0.7284 | Val F1: 0.5429
Epoch 027/100 | Train Loss: 0.7959 | Val Loss: 3.2579 | Train Acc: 0.7313 | Val Acc: 0.4375 | Train F1: 0.7266 | Val F1: 0.3961
Epoch 028/100 | Train Loss: 0.7808 | Val Loss: 1.4266 | Train Acc: 0.7374 | Val Acc: 0.5647 | Train F1: 0.7331 | Val F1: 0.5366
Epoch 029/100 | Train Loss: 0.7674 | Val Loss: 1.3471 | Train Acc: 0.7414 | Val Acc: 0.5761 | Train F1: 0.7373 | Val F1: 0.5651
Epoch 030/100 | Train Loss: 0.7613 | Val Loss: 1.5188 | Train Acc: 0.7421 | Val Acc: 0.4973 | Train F1: 0.7377 | Val F1: 0.4959
Epoch 031/100 | Train Loss: 0.7584 | Val Loss: 1.1245 | Train Acc: 0.7438 | Val Acc: 0.6344 | Train F1: 0.7396 | Val F1: 0.6201
Epoch 032/100 | Train Loss: 0.7423 | Val Loss: 1.3964 | Train Acc: 0.7495 | Val Acc: 0.5897 | Train F1: 0.7454 | Val F1: 0.5773
Epoch 033/100 | Train Loss: 0.7404 | Val Loss: 1.2862 | Train Acc: 0.7481 | Val Acc: 0.5971 | Train F1: 0.7444 | Val F1: 0.5798
Epoch 034/100 | Train Loss: 0.7296 | Val Loss: 1.2357 | Train Acc: 0.7531 | Val Acc: 0.5938 | Train F1: 0.7491 | Val F1: 0.5731
Epoch 035/100 | Train Loss: 0.7204 | Val Loss: 1.9340 | Train Acc: 0.7559 | Val Acc: 0.5551 | Train F1: 0.7522 | Val F1: 0.5153
Epoch 036/100 | Train Loss: 0.7119 | Val Loss: 1.8167 | Train Acc: 0.7593 | Val Acc: 0.5246 | Train F1: 0.7555 | Val F1: 0.4910
Epoch 037/100 | Train Loss: 0.6990 | Val Loss: 1.0034 | Train Acc: 0.7633 | Val Acc: 0.6712 | Train F1: 0.7596 | Val F1: 0.6693
Epoch 038/100 | Train Loss: 0.7010 | Val Loss: 1.7431 | Train Acc: 0.7614 | Val Acc: 0.5172 | Train F1: 0.7578 | Val F1: 0.5169
Epoch 039/100 | Train Loss: 0.6928 | Val Loss: 1.1652 | Train Acc: 0.7629 | Val Acc: 0.6335 | Train F1: 0.7590 | Val F1: 0.6152
Epoch 040/100 | Train Loss: 0.6838 | Val Loss: 1.3207 | Train Acc: 0.7677 | Val Acc: 0.5978 | Train F1: 0.7644 | Val F1: 0.5681
Epoch 041/100 | Train Loss: 0.6811 | Val Loss: 2.8554 | Train Acc: 0.7682 | Val Acc: 0.4306 | Train F1: 0.7647 | Val F1: 0.3840
Epoch 042/100 | Train Loss: 0.6705 | Val Loss: 2.2124 | Train Acc: 0.7726 | Val Acc: 0.4868 | Train F1: 0.7694 | Val F1: 0.4570
Epoch 043/100 | Train Loss: 0.6638 | Val Loss: 1.7490 | Train Acc: 0.7760 | Val Acc: 0.4895 | Train F1: 0.7730 | Val F1: 0.4856
Epoch 044/100 | Train Loss: 0.6584 | Val Loss: 1.1988 | Train Acc: 0.7762 | Val Acc: 0.6413 | Train F1: 0.7732 | Val F1: 0.6159
Epoch 045/100 | Train Loss: 0.6533 | Val Loss: 3.9894 | Train Acc: 0.7765 | Val Acc: 0.3975 | Train F1: 0.7733 | Val F1: 0.3562
Epoch 046/100 | Train Loss: 0.6494 | Val Loss: 1.0442 | Train Acc: 0.7778 | Val Acc: 0.6737 | Train F1: 0.7749 | Val F1: 0.6653
Epoch 047/100 | Train Loss: 0.6428 | Val Loss: 1.1977 | Train Acc: 0.7807 | Val Acc: 0.6109 | Train F1: 0.7779 | Val F1: 0.6202
Epoch 048/100 | Train Loss: 0.6382 | Val Loss: 1.5633 | Train Acc: 0.7827 | Val Acc: 0.5208 | Train F1: 0.7799 | Val F1: 0.5028
Epoch 049/100 | Train Loss: 0.6293 | Val Loss: 5.4603 | Train Acc: 0.7865 | Val Acc: 0.3462 | Train F1: 0.7839 | Val F1: 0.3378
Epoch 050/100 | Train Loss: 0.6243 | Val Loss: 1.4609 | Train Acc: 0.7866 | Val Acc: 0.6214 | Train F1: 0.7841 | Val F1: 0.5994
Epoch 051/100 | Train Loss: 0.6208 | Val Loss: 1.4696 | Train Acc: 0.7892 | Val Acc: 0.5799 | Train F1: 0.7864 | Val F1: 0.5449
Epoch 052/100 | Train Loss: 0.6072 | Val Loss: 4.4903 | Train Acc: 0.7930 | Val Acc: 0.3667 | Train F1: 0.7904 | Val F1: 0.3332
Epoch 053/100 | Train Loss: 0.6088 | Val Loss: 6.3663 | Train Acc: 0.7921 | Val Acc: 0.3565 | Train F1: 0.7896 | Val F1: 0.3245
Epoch 054/100 | Train Loss: 0.6019 | Val Loss: 1.2618 | Train Acc: 0.7930 | Val Acc: 0.6007 | Train F1: 0.7904 | Val F1: 0.5983
Epoch 055/100 | Train Loss: 0.5993 | Val Loss: 6.5089 | Train Acc: 0.7955 | Val Acc: 0.3902 | Train F1: 0.7930 | Val F1: 0.3611
Epoch 056/100 | Train Loss: 0.5885 | Val Loss: 1.8647 | Train Acc: 0.7990 | Val Acc: 0.4978 | Train F1: 0.7966 | Val F1: 0.4880
Epoch 057/100 | Train Loss: 0.5866 | Val Loss: 1.4514 | Train Acc: 0.7990 | Val Acc: 0.6156 | Train F1: 0.7965 | Val F1: 0.5797
Epoch 058/100 | Train Loss: 0.5780 | Val Loss: 1.0907 | Train Acc: 0.8016 | Val Acc: 0.6625 | Train F1: 0.7993 | Val F1: 0.6678
Epoch 059/100 | Train Loss: 0.5787 | Val Loss: 2.2198 | Train Acc: 0.8011 | Val Acc: 0.4125 | Train F1: 0.7987 | Val F1: 0.3805
Epoch 060/100 | Train Loss: 0.5772 | Val Loss: 1.3654 | Train Acc: 0.8039 | Val Acc: 0.6103 | Train F1: 0.8015 | Val F1: 0.5882
Epoch 061/100 | Train Loss: 0.5767 | Val Loss: 1.7556 | Train Acc: 0.7992 | Val Acc: 0.5364 | Train F1: 0.7966 | Val F1: 0.5371
Epoch 062/100 | Train Loss: 0.5650 | Val Loss: 0.9824 | Train Acc: 0.8077 | Val Acc: 0.6842 | Train F1: 0.8054 | Val F1: 0.6805
Epoch 063/100 | Train Loss: 0.5617 | Val Loss: 1.0183 | Train Acc: 0.8058 | Val Acc: 0.6837 | Train F1: 0.8037 | Val F1: 0.6858
Epoch 064/100 | Train Loss: 0.5564 | Val Loss: 1.4372 | Train Acc: 0.8093 | Val Acc: 0.6020 | Train F1: 0.8071 | Val F1: 0.6062
Epoch 065/100 | Train Loss: 0.5540 | Val Loss: 2.4899 | Train Acc: 0.8094 | Val Acc: 0.5205 | Train F1: 0.8073 | Val F1: 0.4997
Epoch 066/100 | Train Loss: 0.5510 | Val Loss: 4.0444 | Train Acc: 0.8124 | Val Acc: 0.4388 | Train F1: 0.8105 | Val F1: 0.4041
Epoch 067/100 | Train Loss: 0.5429 | Val Loss: 2.2084 | Train Acc: 0.8142 | Val Acc: 0.5310 | Train F1: 0.8123 | Val F1: 0.5245
Epoch 068/100 | Train Loss: 0.5438 | Val Loss: 1.7921 | Train Acc: 0.8100 | Val Acc: 0.5451 | Train F1: 0.8080 | Val F1: 0.5230
Epoch 069/100 | Train Loss: 0.5385 | Val Loss: 1.0636 | Train Acc: 0.8148 | Val Acc: 0.6654 | Train F1: 0.8127 | Val F1: 0.6579
Epoch 070/100 | Train Loss: 0.5278 | Val Loss: 1.1314 | Train Acc: 0.8191 | Val Acc: 0.6663 | Train F1: 0.8173 | Val F1: 0.6721
Epoch 071/100 | Train Loss: 0.5302 | Val Loss: 1.1096 | Train Acc: 0.8188 | Val Acc: 0.6520 | Train F1: 0.8168 | Val F1: 0.6469
Epoch 072/100 | Train Loss: 0.5251 | Val Loss: 0.8824 | Train Acc: 0.8184 | Val Acc: 0.7096 | Train F1: 0.8167 | Val F1: 0.7069
Epoch 073/100 | Train Loss: 0.5214 | Val Loss: 0.7910 | Train Acc: 0.8187 | Val Acc: 0.7433 | Train F1: 0.8167 | Val F1: 0.7428
Epoch 074/100 | Train Loss: 0.5145 | Val Loss: 4.1973 | Train Acc: 0.8228 | Val Acc: 0.4056 | Train F1: 0.8210 | Val F1: 0.3831
Epoch 075/100 | Train Loss: 0.5133 | Val Loss: 1.1871 | Train Acc: 0.8213 | Val Acc: 0.6520 | Train F1: 0.8196 | Val F1: 0.6425
Epoch 076/100 | Train Loss: 0.5093 | Val Loss: 1.9750 | Train Acc: 0.8251 | Val Acc: 0.5542 | Train F1: 0.8234 | Val F1: 0.5430
Epoch 077/100 | Train Loss: 0.4995 | Val Loss: 1.0005 | Train Acc: 0.8277 | Val Acc: 0.6833 | Train F1: 0.8258 | Val F1: 0.6830
Epoch 078/100 | Train Loss: 0.4950 | Val Loss: 2.9980 | Train Acc: 0.8311 | Val Acc: 0.4632 | Train F1: 0.8294 | Val F1: 0.4553
Epoch 079/100 | Train Loss: 0.4991 | Val Loss: 0.9616 | Train Acc: 0.8286 | Val Acc: 0.6984 | Train F1: 0.8269 | Val F1: 0.7015
Epoch 080/100 | Train Loss: 0.4990 | Val Loss: 2.6562 | Train Acc: 0.8289 | Val Acc: 0.4971 | Train F1: 0.8273 | Val F1: 0.4991
Epoch 081/100 | Train Loss: 0.4856 | Val Loss: 1.3999 | Train Acc: 0.8318 | Val Acc: 0.6062 | Train F1: 0.8302 | Val F1: 0.5870
Epoch 082/100 | Train Loss: 0.4928 | Val Loss: 1.0809 | Train Acc: 0.8300 | Val Acc: 0.6732 | Train F1: 0.8286 | Val F1: 0.6618
Epoch 083/100 | Train Loss: 0.4821 | Val Loss: 1.0883 | Train Acc: 0.8339 | Val Acc: 0.6699 | Train F1: 0.8323 | Val F1: 0.6730
Epoch 084/100 | Train Loss: 0.4746 | Val Loss: 1.2631 | Train Acc: 0.8362 | Val Acc: 0.6438 | Train F1: 0.8346 | Val F1: 0.6446
Epoch 085/100 | Train Loss: 0.4770 | Val Loss: 0.9694 | Train Acc: 0.8359 | Val Acc: 0.7161 | Train F1: 0.8342 | Val F1: 0.7134
Epoch 086/100 | Train Loss: 0.4756 | Val Loss: 1.2175 | Train Acc: 0.8350 | Val Acc: 0.6583 | Train F1: 0.8336 | Val F1: 0.6623
Epoch 087/100 | Train Loss: 0.4716 | Val Loss: 1.1094 | Train Acc: 0.8381 | Val Acc: 0.6605 | Train F1: 0.8366 | Val F1: 0.6538
Epoch 088/100 | Train Loss: 0.4616 | Val Loss: 2.6725 | Train Acc: 0.8426 | Val Acc: 0.4893 | Train F1: 0.8411 | Val F1: 0.4438
Epoch 089/100 | Train Loss: 0.4668 | Val Loss: 0.9759 | Train Acc: 0.8378 | Val Acc: 0.6806 | Train F1: 0.8366 | Val F1: 0.6842
Epoch 090/100 | Train Loss: 0.4678 | Val Loss: 0.9404 | Train Acc: 0.8387 | Val Acc: 0.7042 | Train F1: 0.8372 | Val F1: 0.6962
Epoch 091/100 | Train Loss: 0.4577 | Val Loss: 0.9317 | Train Acc: 0.8428 | Val Acc: 0.7201 | Train F1: 0.8415 | Val F1: 0.7121
Epoch 092/100 | Train Loss: 0.4509 | Val Loss: 0.9771 | Train Acc: 0.8436 | Val Acc: 0.6857 | Train F1: 0.8422 | Val F1: 0.6878
Epoch 093/100 | Train Loss: 0.4496 | Val Loss: 1.7608 | Train Acc: 0.8442 | Val Acc: 0.6163 | Train F1: 0.8431 | Val F1: 0.5717
Epoch 094/100 | Train Loss: 0.4498 | Val Loss: 1.6028 | Train Acc: 0.8460 | Val Acc: 0.6067 | Train F1: 0.8447 | Val F1: 0.5974
Epoch 095/100 | Train Loss: 0.4410 | Val Loss: 2.2427 | Train Acc: 0.8491 | Val Acc: 0.5259 | Train F1: 0.8478 | Val F1: 0.5089
Epoch 096/100 | Train Loss: 0.4407 | Val Loss: 0.9917 | Train Acc: 0.8440 | Val Acc: 0.7125 | Train F1: 0.8428 | Val F1: 0.7131
Epoch 097/100 | Train Loss: 0.4349 | Val Loss: 1.9110 | Train Acc: 0.8497 | Val Acc: 0.6013 | Train F1: 0.8485 | Val F1: 0.5814
Epoch 098/100 | Train Loss: 0.4298 | Val Loss: 1.2293 | Train Acc: 0.8514 | Val Acc: 0.6562 | Train F1: 0.8503 | Val F1: 0.6382
Epoch 099/100 | Train Loss: 0.4332 | Val Loss: 1.2594 | Train Acc: 0.8476 | Val Acc: 0.6281 | Train F1: 0.8464 | Val F1: 0.6256
Epoch 100/100 | Train Loss: 0.4356 | Val Loss: 3.2322 | Train Acc: 0.8507 | Val Acc: 0.4455 | Train F1: 0.8495 | Val F1: 0.4291
Test Results | Loss: 3.3438 | Acc: 0.4411 | F1: 0.4247
MicroAudioCNN training and testing completed.
