Loading cuda/12.9.0/b3yzg3f
  Loading requirement: glibc/2.31/nm2n32h gcc-runtime/12.1.0/usjy2ic
    xz/5.6.3/s23r47p zlib-ng/2.1.5/lovduqa libiconv/1.18/656ulrj
    libxml2/2.13.5/iwuov3b
Resolved 101 packages in 1ms
Audited 76 packages in 1ms
Starting training and testing loops for model: MicroAudioCNN
Epoch 001/100 | Train Loss: 2.1992 | Val Loss: 2.4808 | Train Acc: 0.2678 | Val Acc: 0.1826 | Train F1: 0.2344 | Val F1: 0.1241
Epoch 002/100 | Train Loss: 1.9121 | Val Loss: 6.1468 | Train Acc: 0.3745 | Val Acc: 0.1051 | Train F1: 0.3442 | Val F1: 0.0533
Epoch 003/100 | Train Loss: 1.7416 | Val Loss: 8.1096 | Train Acc: 0.4258 | Val Acc: 0.0982 | Train F1: 0.4018 | Val F1: 0.0468
Epoch 004/100 | Train Loss: 1.6442 | Val Loss: 11.4313 | Train Acc: 0.4567 | Val Acc: 0.0942 | Train F1: 0.4356 | Val F1: 0.0439
Epoch 005/100 | Train Loss: 1.5859 | Val Loss: 5.0565 | Train Acc: 0.4741 | Val Acc: 0.1406 | Train F1: 0.4555 | Val F1: 0.0848
Epoch 006/100 | Train Loss: 1.5480 | Val Loss: 6.6606 | Train Acc: 0.4855 | Val Acc: 0.1036 | Train F1: 0.4679 | Val F1: 0.0587
Epoch 007/100 | Train Loss: 1.5053 | Val Loss: 4.6775 | Train Acc: 0.5014 | Val Acc: 0.1797 | Train F1: 0.4842 | Val F1: 0.1144
Epoch 008/100 | Train Loss: 1.4799 | Val Loss: 5.3303 | Train Acc: 0.5084 | Val Acc: 0.1830 | Train F1: 0.4919 | Val F1: 0.1209
Epoch 009/100 | Train Loss: 1.4486 | Val Loss: 1.7347 | Train Acc: 0.5160 | Val Acc: 0.4123 | Train F1: 0.5001 | Val F1: 0.3679
Epoch 010/100 | Train Loss: 1.4296 | Val Loss: 2.4792 | Train Acc: 0.5221 | Val Acc: 0.2382 | Train F1: 0.5062 | Val F1: 0.2140
Epoch 011/100 | Train Loss: 1.4076 | Val Loss: 2.7499 | Train Acc: 0.5297 | Val Acc: 0.2654 | Train F1: 0.5138 | Val F1: 0.2044
Epoch 012/100 | Train Loss: 1.3876 | Val Loss: 10.4696 | Train Acc: 0.5370 | Val Acc: 0.1076 | Train F1: 0.5225 | Val F1: 0.0662
Epoch 013/100 | Train Loss: 1.3699 | Val Loss: 1.7189 | Train Acc: 0.5418 | Val Acc: 0.4480 | Train F1: 0.5269 | Val F1: 0.4070
Epoch 014/100 | Train Loss: 1.3538 | Val Loss: 2.7937 | Train Acc: 0.5484 | Val Acc: 0.3065 | Train F1: 0.5338 | Val F1: 0.2194
Epoch 015/100 | Train Loss: 1.3385 | Val Loss: 6.7078 | Train Acc: 0.5544 | Val Acc: 0.1859 | Train F1: 0.5402 | Val F1: 0.1355
Epoch 016/100 | Train Loss: 1.3178 | Val Loss: 3.8118 | Train Acc: 0.5619 | Val Acc: 0.1926 | Train F1: 0.5473 | Val F1: 0.1505
Epoch 017/100 | Train Loss: 1.3104 | Val Loss: 2.6249 | Train Acc: 0.5611 | Val Acc: 0.2866 | Train F1: 0.5474 | Val F1: 0.2196
Epoch 018/100 | Train Loss: 1.3016 | Val Loss: 2.5818 | Train Acc: 0.5657 | Val Acc: 0.3529 | Train F1: 0.5525 | Val F1: 0.3143
Epoch 019/100 | Train Loss: 1.2844 | Val Loss: 2.4712 | Train Acc: 0.5710 | Val Acc: 0.4011 | Train F1: 0.5576 | Val F1: 0.3192
Epoch 020/100 | Train Loss: 1.2739 | Val Loss: 4.5709 | Train Acc: 0.5709 | Val Acc: 0.2138 | Train F1: 0.5572 | Val F1: 0.1574
Epoch 021/100 | Train Loss: 1.2652 | Val Loss: 5.0627 | Train Acc: 0.5762 | Val Acc: 0.2252 | Train F1: 0.5636 | Val F1: 0.1701
Epoch 022/100 | Train Loss: 1.2536 | Val Loss: 6.1239 | Train Acc: 0.5801 | Val Acc: 0.2145 | Train F1: 0.5676 | Val F1: 0.1398
Epoch 023/100 | Train Loss: 1.2368 | Val Loss: 9.1628 | Train Acc: 0.5860 | Val Acc: 0.1330 | Train F1: 0.5739 | Val F1: 0.0898
Epoch 024/100 | Train Loss: 1.2271 | Val Loss: 3.0023 | Train Acc: 0.5903 | Val Acc: 0.3138 | Train F1: 0.5785 | Val F1: 0.2502
Epoch 025/100 | Train Loss: 1.2228 | Val Loss: 1.4069 | Train Acc: 0.5871 | Val Acc: 0.5348 | Train F1: 0.5749 | Val F1: 0.5112
Epoch 026/100 | Train Loss: 1.2080 | Val Loss: 4.1432 | Train Acc: 0.5933 | Val Acc: 0.2208 | Train F1: 0.5813 | Val F1: 0.1879
Epoch 027/100 | Train Loss: 1.1997 | Val Loss: 7.7081 | Train Acc: 0.5956 | Val Acc: 0.2379 | Train F1: 0.5840 | Val F1: 0.1436
Epoch 028/100 | Train Loss: 1.1916 | Val Loss: 2.4485 | Train Acc: 0.6031 | Val Acc: 0.4022 | Train F1: 0.5915 | Val F1: 0.3278
Epoch 029/100 | Train Loss: 1.1802 | Val Loss: 7.1109 | Train Acc: 0.6055 | Val Acc: 0.1239 | Train F1: 0.5942 | Val F1: 0.0897
Epoch 030/100 | Train Loss: 1.1692 | Val Loss: 2.2355 | Train Acc: 0.6073 | Val Acc: 0.3875 | Train F1: 0.5963 | Val F1: 0.3746
Epoch 031/100 | Train Loss: 1.1657 | Val Loss: 1.4285 | Train Acc: 0.6100 | Val Acc: 0.5384 | Train F1: 0.5991 | Val F1: 0.5402
Epoch 032/100 | Train Loss: 1.1545 | Val Loss: 1.4284 | Train Acc: 0.6135 | Val Acc: 0.5263 | Train F1: 0.6030 | Val F1: 0.4964
Epoch 033/100 | Train Loss: 1.1479 | Val Loss: 4.1222 | Train Acc: 0.6154 | Val Acc: 0.2373 | Train F1: 0.6048 | Val F1: 0.2026
Epoch 034/100 | Train Loss: 1.1412 | Val Loss: 1.4518 | Train Acc: 0.6196 | Val Acc: 0.5147 | Train F1: 0.6091 | Val F1: 0.5115
Epoch 035/100 | Train Loss: 1.1372 | Val Loss: 4.8869 | Train Acc: 0.6173 | Val Acc: 0.2250 | Train F1: 0.6070 | Val F1: 0.1758
Epoch 036/100 | Train Loss: 1.1301 | Val Loss: 1.4335 | Train Acc: 0.6188 | Val Acc: 0.5109 | Train F1: 0.6085 | Val F1: 0.4767
Epoch 037/100 | Train Loss: 1.1218 | Val Loss: 2.5090 | Train Acc: 0.6239 | Val Acc: 0.3960 | Train F1: 0.6136 | Val F1: 0.3630
Epoch 038/100 | Train Loss: 1.1111 | Val Loss: 2.3308 | Train Acc: 0.6266 | Val Acc: 0.3906 | Train F1: 0.6169 | Val F1: 0.3389
Epoch 039/100 | Train Loss: 1.1040 | Val Loss: 4.7172 | Train Acc: 0.6295 | Val Acc: 0.2464 | Train F1: 0.6195 | Val F1: 0.1792
Epoch 040/100 | Train Loss: 1.0989 | Val Loss: 2.3346 | Train Acc: 0.6306 | Val Acc: 0.3638 | Train F1: 0.6211 | Val F1: 0.3089
Epoch 041/100 | Train Loss: 1.0927 | Val Loss: 1.1772 | Train Acc: 0.6342 | Val Acc: 0.6094 | Train F1: 0.6249 | Val F1: 0.5966
Epoch 042/100 | Train Loss: 1.0899 | Val Loss: 2.0131 | Train Acc: 0.6343 | Val Acc: 0.4225 | Train F1: 0.6241 | Val F1: 0.3758
Epoch 043/100 | Train Loss: 1.0778 | Val Loss: 1.7438 | Train Acc: 0.6395 | Val Acc: 0.4942 | Train F1: 0.6303 | Val F1: 0.4390
Epoch 044/100 | Train Loss: 1.0770 | Val Loss: 1.1505 | Train Acc: 0.6386 | Val Acc: 0.6225 | Train F1: 0.6295 | Val F1: 0.6216
Epoch 045/100 | Train Loss: 1.0684 | Val Loss: 2.0690 | Train Acc: 0.6393 | Val Acc: 0.4357 | Train F1: 0.6301 | Val F1: 0.3980
Epoch 046/100 | Train Loss: 1.0570 | Val Loss: 1.5873 | Train Acc: 0.6430 | Val Acc: 0.4942 | Train F1: 0.6333 | Val F1: 0.4575
Epoch 047/100 | Train Loss: 1.0584 | Val Loss: 2.2478 | Train Acc: 0.6437 | Val Acc: 0.4116 | Train F1: 0.6340 | Val F1: 0.3770
Epoch 048/100 | Train Loss: 1.0514 | Val Loss: 1.4956 | Train Acc: 0.6433 | Val Acc: 0.5232 | Train F1: 0.6341 | Val F1: 0.4921
Epoch 049/100 | Train Loss: 1.0500 | Val Loss: 2.1620 | Train Acc: 0.6469 | Val Acc: 0.4047 | Train F1: 0.6372 | Val F1: 0.4034
Epoch 050/100 | Train Loss: 1.0394 | Val Loss: 1.8181 | Train Acc: 0.6511 | Val Acc: 0.4377 | Train F1: 0.6419 | Val F1: 0.4487
Epoch 051/100 | Train Loss: 1.0438 | Val Loss: 2.1971 | Train Acc: 0.6492 | Val Acc: 0.4252 | Train F1: 0.6407 | Val F1: 0.3724
Epoch 052/100 | Train Loss: 1.0272 | Val Loss: 4.8454 | Train Acc: 0.6557 | Val Acc: 0.2078 | Train F1: 0.6467 | Val F1: 0.1489
Epoch 053/100 | Train Loss: 1.0255 | Val Loss: 2.7974 | Train Acc: 0.6570 | Val Acc: 0.3176 | Train F1: 0.6481 | Val F1: 0.2994
Epoch 054/100 | Train Loss: 1.0259 | Val Loss: 2.2466 | Train Acc: 0.6551 | Val Acc: 0.4141 | Train F1: 0.6464 | Val F1: 0.3907
Epoch 055/100 | Train Loss: 1.0148 | Val Loss: 1.4510 | Train Acc: 0.6593 | Val Acc: 0.5147 | Train F1: 0.6504 | Val F1: 0.5029
Epoch 056/100 | Train Loss: 1.0101 | Val Loss: 1.8081 | Train Acc: 0.6634 | Val Acc: 0.3964 | Train F1: 0.6552 | Val F1: 0.3796
Epoch 057/100 | Train Loss: 1.0086 | Val Loss: 3.1552 | Train Acc: 0.6610 | Val Acc: 0.3357 | Train F1: 0.6523 | Val F1: 0.2942
Epoch 058/100 | Train Loss: 1.0025 | Val Loss: 4.6101 | Train Acc: 0.6620 | Val Acc: 0.2757 | Train F1: 0.6534 | Val F1: 0.2437
Epoch 059/100 | Train Loss: 0.9971 | Val Loss: 1.3475 | Train Acc: 0.6626 | Val Acc: 0.5754 | Train F1: 0.6540 | Val F1: 0.5507
Epoch 060/100 | Train Loss: 0.9927 | Val Loss: 2.1527 | Train Acc: 0.6658 | Val Acc: 0.4317 | Train F1: 0.6574 | Val F1: 0.3935
Epoch 061/100 | Train Loss: 0.9852 | Val Loss: 2.5739 | Train Acc: 0.6693 | Val Acc: 0.3725 | Train F1: 0.6609 | Val F1: 0.3410
Epoch 062/100 | Train Loss: 0.9823 | Val Loss: 1.3242 | Train Acc: 0.6697 | Val Acc: 0.5453 | Train F1: 0.6608 | Val F1: 0.5358
Epoch 063/100 | Train Loss: 0.9784 | Val Loss: 2.5958 | Train Acc: 0.6719 | Val Acc: 0.3806 | Train F1: 0.6634 | Val F1: 0.3555
Epoch 064/100 | Train Loss: 0.9695 | Val Loss: 3.4096 | Train Acc: 0.6710 | Val Acc: 0.3346 | Train F1: 0.6629 | Val F1: 0.3098
Epoch 065/100 | Train Loss: 0.9736 | Val Loss: 1.2135 | Train Acc: 0.6719 | Val Acc: 0.5895 | Train F1: 0.6638 | Val F1: 0.5886
Epoch 066/100 | Train Loss: 0.9697 | Val Loss: 1.5828 | Train Acc: 0.6744 | Val Acc: 0.4958 | Train F1: 0.6659 | Val F1: 0.5093
Epoch 067/100 | Train Loss: 0.9676 | Val Loss: 1.1961 | Train Acc: 0.6723 | Val Acc: 0.5978 | Train F1: 0.6641 | Val F1: 0.5723
Epoch 068/100 | Train Loss: 0.9639 | Val Loss: 1.3674 | Train Acc: 0.6763 | Val Acc: 0.5629 | Train F1: 0.6682 | Val F1: 0.5610
Epoch 069/100 | Train Loss: 0.9583 | Val Loss: 2.1768 | Train Acc: 0.6761 | Val Acc: 0.4574 | Train F1: 0.6686 | Val F1: 0.4081
Epoch 070/100 | Train Loss: 0.9557 | Val Loss: 2.9409 | Train Acc: 0.6773 | Val Acc: 0.3440 | Train F1: 0.6692 | Val F1: 0.3372
Epoch 071/100 | Train Loss: 0.9495 | Val Loss: 1.1643 | Train Acc: 0.6799 | Val Acc: 0.6199 | Train F1: 0.6720 | Val F1: 0.6106
Epoch 072/100 | Train Loss: 0.9429 | Val Loss: 1.5473 | Train Acc: 0.6806 | Val Acc: 0.5054 | Train F1: 0.6727 | Val F1: 0.4952
Epoch 073/100 | Train Loss: 0.9403 | Val Loss: 1.2353 | Train Acc: 0.6828 | Val Acc: 0.6078 | Train F1: 0.6749 | Val F1: 0.5932
Epoch 074/100 | Train Loss: 0.9371 | Val Loss: 2.5291 | Train Acc: 0.6835 | Val Acc: 0.4270 | Train F1: 0.6758 | Val F1: 0.3890
Epoch 075/100 | Train Loss: 0.9347 | Val Loss: 1.3414 | Train Acc: 0.6828 | Val Acc: 0.5453 | Train F1: 0.6746 | Val F1: 0.5153
Epoch 076/100 | Train Loss: 0.9293 | Val Loss: 1.3421 | Train Acc: 0.6863 | Val Acc: 0.5342 | Train F1: 0.6784 | Val F1: 0.5201
Epoch 077/100 | Train Loss: 0.9271 | Val Loss: 1.3947 | Train Acc: 0.6846 | Val Acc: 0.5437 | Train F1: 0.6766 | Val F1: 0.5450
Epoch 078/100 | Train Loss: 0.9273 | Val Loss: 2.0961 | Train Acc: 0.6888 | Val Acc: 0.4049 | Train F1: 0.6812 | Val F1: 0.3538
Epoch 079/100 | Train Loss: 0.9208 | Val Loss: 1.3930 | Train Acc: 0.6866 | Val Acc: 0.5652 | Train F1: 0.6789 | Val F1: 0.5562
Epoch 080/100 | Train Loss: 0.9195 | Val Loss: 1.8533 | Train Acc: 0.6882 | Val Acc: 0.4719 | Train F1: 0.6804 | Val F1: 0.4726
Epoch 081/100 | Train Loss: 0.9161 | Val Loss: 6.0277 | Train Acc: 0.6884 | Val Acc: 0.2156 | Train F1: 0.6802 | Val F1: 0.1542
Epoch 082/100 | Train Loss: 0.9179 | Val Loss: 1.2166 | Train Acc: 0.6919 | Val Acc: 0.5980 | Train F1: 0.6846 | Val F1: 0.5980
Epoch 083/100 | Train Loss: 0.9065 | Val Loss: 1.2057 | Train Acc: 0.6906 | Val Acc: 0.5998 | Train F1: 0.6827 | Val F1: 0.5874
Epoch 084/100 | Train Loss: 0.9051 | Val Loss: 1.3691 | Train Acc: 0.6928 | Val Acc: 0.5317 | Train F1: 0.6856 | Val F1: 0.5104
Epoch 085/100 | Train Loss: 0.8976 | Val Loss: 1.8565 | Train Acc: 0.6976 | Val Acc: 0.4536 | Train F1: 0.6904 | Val F1: 0.4302
Epoch 086/100 | Train Loss: 0.8936 | Val Loss: 1.2179 | Train Acc: 0.6978 | Val Acc: 0.5973 | Train F1: 0.6901 | Val F1: 0.5750
Epoch 087/100 | Train Loss: 0.8952 | Val Loss: 1.7733 | Train Acc: 0.6968 | Val Acc: 0.4672 | Train F1: 0.6890 | Val F1: 0.4435
Epoch 088/100 | Train Loss: 0.8886 | Val Loss: 2.1821 | Train Acc: 0.6982 | Val Acc: 0.4629 | Train F1: 0.6913 | Val F1: 0.4072
Epoch 089/100 | Train Loss: 0.8865 | Val Loss: 1.8655 | Train Acc: 0.7013 | Val Acc: 0.4368 | Train F1: 0.6943 | Val F1: 0.4151
Epoch 090/100 | Train Loss: 0.8881 | Val Loss: 1.7382 | Train Acc: 0.6981 | Val Acc: 0.5025 | Train F1: 0.6909 | Val F1: 0.4792
Epoch 091/100 | Train Loss: 0.8782 | Val Loss: 4.3907 | Train Acc: 0.7030 | Val Acc: 0.2931 | Train F1: 0.6957 | Val F1: 0.2267
Epoch 092/100 | Train Loss: 0.8795 | Val Loss: 3.6505 | Train Acc: 0.7026 | Val Acc: 0.2797 | Train F1: 0.6958 | Val F1: 0.2103
Epoch 093/100 | Train Loss: 0.8740 | Val Loss: 1.2162 | Train Acc: 0.7042 | Val Acc: 0.6094 | Train F1: 0.6971 | Val F1: 0.5904
Epoch 094/100 | Train Loss: 0.8725 | Val Loss: 1.3364 | Train Acc: 0.7052 | Val Acc: 0.5663 | Train F1: 0.6984 | Val F1: 0.5433
Epoch 095/100 | Train Loss: 0.8756 | Val Loss: 1.4377 | Train Acc: 0.7029 | Val Acc: 0.5703 | Train F1: 0.6959 | Val F1: 0.5601
Epoch 096/100 | Train Loss: 0.8660 | Val Loss: 1.3577 | Train Acc: 0.7062 | Val Acc: 0.5734 | Train F1: 0.6995 | Val F1: 0.5680
Epoch 097/100 | Train Loss: 0.8629 | Val Loss: 1.6275 | Train Acc: 0.7069 | Val Acc: 0.5243 | Train F1: 0.7000 | Val F1: 0.5044
Epoch 098/100 | Train Loss: 0.8643 | Val Loss: 1.7251 | Train Acc: 0.7051 | Val Acc: 0.5136 | Train F1: 0.6983 | Val F1: 0.4868
Epoch 099/100 | Train Loss: 0.8570 | Val Loss: 4.2019 | Train Acc: 0.7125 | Val Acc: 0.2788 | Train F1: 0.7060 | Val F1: 0.2545
Epoch 100/100 | Train Loss: 0.8592 | Val Loss: 1.2478 | Train Acc: 0.7088 | Val Acc: 0.5897 | Train F1: 0.7021 | Val F1: 0.5719
Test Results | Loss: 1.2765 | Acc: 0.5857 | F1: 0.5730
MicroAudioCNN training and testing completed.
