Loading cuda/12.9.0/b3yzg3f
  Loading requirement: glibc/2.31/nm2n32h gcc-runtime/12.1.0/usjy2ic
    xz/5.6.3/s23r47p zlib-ng/2.1.5/lovduqa libiconv/1.18/656ulrj
    libxml2/2.13.5/iwuov3b
Resolved 96 packages in 1ms
Audited 70 packages in 0.15ms
Starting training and testing loops for model: AlexNet
Epoch 001/100 | Train Loss: 3.8927 | Val Loss: 2.6393 | Train Acc: 0.0718 | Val Acc: 0.0714 | Train F1: 0.0592 | Val F1: 0.0095
Epoch 002/100 | Train Loss: 2.6397 | Val Loss: 2.6395 | Train Acc: 0.0699 | Val Acc: 0.0714 | Train F1: 0.0533 | Val F1: 0.0095
Epoch 003/100 | Train Loss: 2.6398 | Val Loss: 2.6396 | Train Acc: 0.0724 | Val Acc: 0.0714 | Train F1: 0.0527 | Val F1: 0.0095
Epoch 004/100 | Train Loss: 2.6399 | Val Loss: 2.6395 | Train Acc: 0.0709 | Val Acc: 0.0714 | Train F1: 0.0547 | Val F1: 0.0095
Epoch 005/100 | Train Loss: 2.6400 | Val Loss: 2.6394 | Train Acc: 0.0705 | Val Acc: 0.0714 | Train F1: 0.0573 | Val F1: 0.0095
Epoch 006/100 | Train Loss: 2.6397 | Val Loss: 2.6397 | Train Acc: 0.0718 | Val Acc: 0.0714 | Train F1: 0.0509 | Val F1: 0.0095
Epoch 007/100 | Train Loss: 2.6400 | Val Loss: 2.6394 | Train Acc: 0.0696 | Val Acc: 0.0714 | Train F1: 0.0561 | Val F1: 0.0095
Epoch 008/100 | Train Loss: 2.6398 | Val Loss: 2.6396 | Train Acc: 0.0699 | Val Acc: 0.0714 | Train F1: 0.0573 | Val F1: 0.0095
Epoch 009/100 | Train Loss: 2.6399 | Val Loss: 2.6394 | Train Acc: 0.0700 | Val Acc: 0.0714 | Train F1: 0.0493 | Val F1: 0.0095
Epoch 010/100 | Train Loss: 2.6399 | Val Loss: 2.6394 | Train Acc: 0.0711 | Val Acc: 0.0714 | Train F1: 0.0522 | Val F1: 0.0095
Epoch 011/100 | Train Loss: 2.6398 | Val Loss: 2.6394 | Train Acc: 0.0717 | Val Acc: 0.0714 | Train F1: 0.0540 | Val F1: 0.0095
Epoch 012/100 | Train Loss: 2.6398 | Val Loss: 2.6395 | Train Acc: 0.0716 | Val Acc: 0.0714 | Train F1: 0.0501 | Val F1: 0.0095
Epoch 013/100 | Train Loss: 2.6399 | Val Loss: 2.6396 | Train Acc: 0.0691 | Val Acc: 0.0714 | Train F1: 0.0610 | Val F1: 0.0095
Epoch 014/100 | Train Loss: 2.6399 | Val Loss: 2.6394 | Train Acc: 0.0685 | Val Acc: 0.0714 | Train F1: 0.0557 | Val F1: 0.0095
Epoch 015/100 | Train Loss: 2.6399 | Val Loss: 2.6394 | Train Acc: 0.0689 | Val Acc: 0.0714 | Train F1: 0.0605 | Val F1: 0.0095
Epoch 016/100 | Train Loss: 2.6398 | Val Loss: 2.6393 | Train Acc: 0.0715 | Val Acc: 0.0714 | Train F1: 0.0487 | Val F1: 0.0095
Epoch 017/100 | Train Loss: 2.6398 | Val Loss: 2.6396 | Train Acc: 0.0692 | Val Acc: 0.0714 | Train F1: 0.0602 | Val F1: 0.0095
Epoch 018/100 | Train Loss: 2.6398 | Val Loss: 2.6396 | Train Acc: 0.0714 | Val Acc: 0.0714 | Train F1: 0.0538 | Val F1: 0.0095
Epoch 019/100 | Train Loss: 2.6398 | Val Loss: 2.6395 | Train Acc: 0.0720 | Val Acc: 0.0714 | Train F1: 0.0566 | Val F1: 0.0095
Epoch 020/100 | Train Loss: 2.6399 | Val Loss: 2.6392 | Train Acc: 0.0696 | Val Acc: 0.0714 | Train F1: 0.0591 | Val F1: 0.0095
Epoch 021/100 | Train Loss: 2.6398 | Val Loss: 2.6396 | Train Acc: 0.0693 | Val Acc: 0.0714 | Train F1: 0.0560 | Val F1: 0.0095
Epoch 022/100 | Train Loss: 2.6397 | Val Loss: 2.6396 | Train Acc: 0.0725 | Val Acc: 0.0714 | Train F1: 0.0610 | Val F1: 0.0095
Epoch 023/100 | Train Loss: 2.6398 | Val Loss: 2.6395 | Train Acc: 0.0706 | Val Acc: 0.0714 | Train F1: 0.0594 | Val F1: 0.0095
Epoch 024/100 | Train Loss: 2.6399 | Val Loss: 2.6395 | Train Acc: 0.0692 | Val Acc: 0.0714 | Train F1: 0.0618 | Val F1: 0.0095
Epoch 025/100 | Train Loss: 2.6398 | Val Loss: 2.6396 | Train Acc: 0.0723 | Val Acc: 0.0714 | Train F1: 0.0526 | Val F1: 0.0095
Epoch 026/100 | Train Loss: 2.6398 | Val Loss: 2.6394 | Train Acc: 0.0700 | Val Acc: 0.0714 | Train F1: 0.0565 | Val F1: 0.0095
Epoch 027/100 | Train Loss: 2.6400 | Val Loss: 2.6393 | Train Acc: 0.0665 | Val Acc: 0.0714 | Train F1: 0.0598 | Val F1: 0.0095
Epoch 028/100 | Train Loss: 2.6399 | Val Loss: 2.6394 | Train Acc: 0.0711 | Val Acc: 0.0714 | Train F1: 0.0526 | Val F1: 0.0095
Epoch 029/100 | Train Loss: 2.6399 | Val Loss: 2.6395 | Train Acc: 0.0696 | Val Acc: 0.0714 | Train F1: 0.0591 | Val F1: 0.0095
Epoch 030/100 | Train Loss: 2.6398 | Val Loss: 2.6397 | Train Acc: 0.0692 | Val Acc: 0.0714 | Train F1: 0.0593 | Val F1: 0.0095
Epoch 031/100 | Train Loss: 2.6398 | Val Loss: 2.6394 | Train Acc: 0.0705 | Val Acc: 0.0714 | Train F1: 0.0577 | Val F1: 0.0095
Epoch 032/100 | Train Loss: 2.6399 | Val Loss: 2.6393 | Train Acc: 0.0717 | Val Acc: 0.0714 | Train F1: 0.0583 | Val F1: 0.0095
Epoch 033/100 | Train Loss: 2.6397 | Val Loss: 2.6395 | Train Acc: 0.0713 | Val Acc: 0.0714 | Train F1: 0.0587 | Val F1: 0.0095
Epoch 034/100 | Train Loss: 2.6399 | Val Loss: 2.6393 | Train Acc: 0.0691 | Val Acc: 0.0714 | Train F1: 0.0594 | Val F1: 0.0095
Epoch 035/100 | Train Loss: 2.6398 | Val Loss: 2.6397 | Train Acc: 0.0720 | Val Acc: 0.0714 | Train F1: 0.0569 | Val F1: 0.0095
Epoch 036/100 | Train Loss: 2.6398 | Val Loss: 2.6396 | Train Acc: 0.0689 | Val Acc: 0.0714 | Train F1: 0.0560 | Val F1: 0.0095
Epoch 037/100 | Train Loss: 2.6399 | Val Loss: 2.6395 | Train Acc: 0.0712 | Val Acc: 0.0714 | Train F1: 0.0603 | Val F1: 0.0095
Epoch 038/100 | Train Loss: 2.6399 | Val Loss: 2.6394 | Train Acc: 0.0696 | Val Acc: 0.0714 | Train F1: 0.0576 | Val F1: 0.0095
Epoch 039/100 | Train Loss: 2.6398 | Val Loss: 2.6396 | Train Acc: 0.0728 | Val Acc: 0.0714 | Train F1: 0.0555 | Val F1: 0.0095
Epoch 040/100 | Train Loss: 2.6400 | Val Loss: 2.6395 | Train Acc: 0.0698 | Val Acc: 0.0714 | Train F1: 0.0544 | Val F1: 0.0095
Epoch 041/100 | Train Loss: 2.6398 | Val Loss: 2.6395 | Train Acc: 0.0683 | Val Acc: 0.0714 | Train F1: 0.0626 | Val F1: 0.0095
Epoch 042/100 | Train Loss: 2.6398 | Val Loss: 2.6396 | Train Acc: 0.0699 | Val Acc: 0.0714 | Train F1: 0.0594 | Val F1: 0.0095
Epoch 043/100 | Train Loss: 2.6398 | Val Loss: 2.6397 | Train Acc: 0.0699 | Val Acc: 0.0714 | Train F1: 0.0565 | Val F1: 0.0095
Epoch 044/100 | Train Loss: 2.6399 | Val Loss: 2.6394 | Train Acc: 0.0699 | Val Acc: 0.0714 | Train F1: 0.0608 | Val F1: 0.0095
Epoch 045/100 | Train Loss: 2.6399 | Val Loss: 2.6394 | Train Acc: 0.0688 | Val Acc: 0.0714 | Train F1: 0.0602 | Val F1: 0.0095
Epoch 046/100 | Train Loss: 2.6399 | Val Loss: 2.6395 | Train Acc: 0.0708 | Val Acc: 0.0714 | Train F1: 0.0639 | Val F1: 0.0095
Epoch 047/100 | Train Loss: 2.6398 | Val Loss: 2.6393 | Train Acc: 0.0711 | Val Acc: 0.0714 | Train F1: 0.0626 | Val F1: 0.0095
Epoch 048/100 | Train Loss: 2.6399 | Val Loss: 2.6392 | Train Acc: 0.0703 | Val Acc: 0.0714 | Train F1: 0.0541 | Val F1: 0.0095
Epoch 049/100 | Train Loss: 2.6398 | Val Loss: 2.6398 | Train Acc: 0.0700 | Val Acc: 0.0714 | Train F1: 0.0591 | Val F1: 0.0095
Epoch 050/100 | Train Loss: 2.6399 | Val Loss: 2.6397 | Train Acc: 0.0703 | Val Acc: 0.0714 | Train F1: 0.0552 | Val F1: 0.0095
Epoch 051/100 | Train Loss: 2.6399 | Val Loss: 2.6393 | Train Acc: 0.0701 | Val Acc: 0.0714 | Train F1: 0.0541 | Val F1: 0.0095
Epoch 052/100 | Train Loss: 2.6399 | Val Loss: 2.6392 | Train Acc: 0.0704 | Val Acc: 0.0714 | Train F1: 0.0494 | Val F1: 0.0095
Epoch 053/100 | Train Loss: 2.6399 | Val Loss: 2.6394 | Train Acc: 0.0704 | Val Acc: 0.0714 | Train F1: 0.0591 | Val F1: 0.0095
Epoch 054/100 | Train Loss: 2.6399 | Val Loss: 2.6393 | Train Acc: 0.0717 | Val Acc: 0.0714 | Train F1: 0.0564 | Val F1: 0.0095
Epoch 055/100 | Train Loss: 2.6399 | Val Loss: 2.6395 | Train Acc: 0.0713 | Val Acc: 0.0714 | Train F1: 0.0612 | Val F1: 0.0095
Epoch 056/100 | Train Loss: 2.6399 | Val Loss: 2.6393 | Train Acc: 0.0694 | Val Acc: 0.0714 | Train F1: 0.0551 | Val F1: 0.0095
Epoch 057/100 | Train Loss: 2.6398 | Val Loss: 2.6396 | Train Acc: 0.0717 | Val Acc: 0.0714 | Train F1: 0.0558 | Val F1: 0.0095
Epoch 058/100 | Train Loss: 2.6398 | Val Loss: 2.6399 | Train Acc: 0.0703 | Val Acc: 0.0714 | Train F1: 0.0561 | Val F1: 0.0095
Epoch 059/100 | Train Loss: 2.6400 | Val Loss: 2.6394 | Train Acc: 0.0696 | Val Acc: 0.0714 | Train F1: 0.0532 | Val F1: 0.0095
Epoch 060/100 | Train Loss: 2.6398 | Val Loss: 2.6394 | Train Acc: 0.0691 | Val Acc: 0.0714 | Train F1: 0.0543 | Val F1: 0.0095
Epoch 061/100 | Train Loss: 2.6399 | Val Loss: 2.6394 | Train Acc: 0.0714 | Val Acc: 0.0714 | Train F1: 0.0583 | Val F1: 0.0095
Epoch 062/100 | Train Loss: 2.6399 | Val Loss: 2.6394 | Train Acc: 0.0699 | Val Acc: 0.0714 | Train F1: 0.0584 | Val F1: 0.0095
Epoch 063/100 | Train Loss: 2.6399 | Val Loss: 2.6397 | Train Acc: 0.0701 | Val Acc: 0.0714 | Train F1: 0.0580 | Val F1: 0.0095
Epoch 064/100 | Train Loss: 2.6398 | Val Loss: 2.6397 | Train Acc: 0.0710 | Val Acc: 0.0714 | Train F1: 0.0574 | Val F1: 0.0095
Epoch 065/100 | Train Loss: 2.6399 | Val Loss: 2.6394 | Train Acc: 0.0691 | Val Acc: 0.0714 | Train F1: 0.0517 | Val F1: 0.0095
Epoch 066/100 | Train Loss: 2.6398 | Val Loss: 2.6395 | Train Acc: 0.0711 | Val Acc: 0.0714 | Train F1: 0.0549 | Val F1: 0.0095
Epoch 067/100 | Train Loss: 2.6398 | Val Loss: 2.6394 | Train Acc: 0.0687 | Val Acc: 0.0714 | Train F1: 0.0559 | Val F1: 0.0095
Epoch 068/100 | Train Loss: 2.6397 | Val Loss: 2.6395 | Train Acc: 0.0702 | Val Acc: 0.0714 | Train F1: 0.0609 | Val F1: 0.0095
Epoch 069/100 | Train Loss: 2.6399 | Val Loss: 2.6395 | Train Acc: 0.0695 | Val Acc: 0.0714 | Train F1: 0.0508 | Val F1: 0.0095
Epoch 070/100 | Train Loss: 2.6398 | Val Loss: 2.6394 | Train Acc: 0.0700 | Val Acc: 0.0714 | Train F1: 0.0570 | Val F1: 0.0095
Epoch 071/100 | Train Loss: 2.6398 | Val Loss: 2.6395 | Train Acc: 0.0711 | Val Acc: 0.0714 | Train F1: 0.0601 | Val F1: 0.0095
Epoch 072/100 | Train Loss: 2.6397 | Val Loss: 2.6398 | Train Acc: 0.0724 | Val Acc: 0.0714 | Train F1: 0.0573 | Val F1: 0.0095
Epoch 073/100 | Train Loss: 2.6399 | Val Loss: 2.6395 | Train Acc: 0.0684 | Val Acc: 0.0714 | Train F1: 0.0611 | Val F1: 0.0095
Epoch 074/100 | Train Loss: 2.6396 | Val Loss: 2.6396 | Train Acc: 0.0714 | Val Acc: 0.0714 | Train F1: 0.0574 | Val F1: 0.0095
Epoch 075/100 | Train Loss: 2.6399 | Val Loss: 2.6397 | Train Acc: 0.0691 | Val Acc: 0.0714 | Train F1: 0.0554 | Val F1: 0.0095
Epoch 076/100 | Train Loss: 2.6398 | Val Loss: 2.6398 | Train Acc: 0.0710 | Val Acc: 0.0714 | Train F1: 0.0603 | Val F1: 0.0095
Epoch 077/100 | Train Loss: 2.6399 | Val Loss: 2.6398 | Train Acc: 0.0690 | Val Acc: 0.0714 | Train F1: 0.0537 | Val F1: 0.0095
Epoch 078/100 | Train Loss: 2.6399 | Val Loss: 2.6395 | Train Acc: 0.0697 | Val Acc: 0.0714 | Train F1: 0.0558 | Val F1: 0.0095
Epoch 079/100 | Train Loss: 2.6399 | Val Loss: 2.6395 | Train Acc: 0.0693 | Val Acc: 0.0714 | Train F1: 0.0570 | Val F1: 0.0095
Epoch 080/100 | Train Loss: 2.6398 | Val Loss: 2.6399 | Train Acc: 0.0707 | Val Acc: 0.0714 | Train F1: 0.0566 | Val F1: 0.0095
Epoch 081/100 | Train Loss: 2.6399 | Val Loss: 2.6395 | Train Acc: 0.0696 | Val Acc: 0.0714 | Train F1: 0.0548 | Val F1: 0.0095
Epoch 082/100 | Train Loss: 2.6398 | Val Loss: 2.6395 | Train Acc: 0.0688 | Val Acc: 0.0714 | Train F1: 0.0591 | Val F1: 0.0095
Epoch 083/100 | Train Loss: 2.6399 | Val Loss: 2.6394 | Train Acc: 0.0695 | Val Acc: 0.0714 | Train F1: 0.0468 | Val F1: 0.0095
Epoch 084/100 | Train Loss: 2.6398 | Val Loss: 2.6393 | Train Acc: 0.0706 | Val Acc: 0.0714 | Train F1: 0.0610 | Val F1: 0.0095
Epoch 085/100 | Train Loss: 2.6399 | Val Loss: 2.6393 | Train Acc: 0.0697 | Val Acc: 0.0714 | Train F1: 0.0642 | Val F1: 0.0095
Epoch 086/100 | Train Loss: 2.6399 | Val Loss: 2.6397 | Train Acc: 0.0701 | Val Acc: 0.0714 | Train F1: 0.0631 | Val F1: 0.0095
Epoch 087/100 | Train Loss: 2.6399 | Val Loss: 2.6398 | Train Acc: 0.0690 | Val Acc: 0.0714 | Train F1: 0.0575 | Val F1: 0.0095
Epoch 088/100 | Train Loss: 2.6399 | Val Loss: 2.6397 | Train Acc: 0.0691 | Val Acc: 0.0714 | Train F1: 0.0566 | Val F1: 0.0095
Epoch 089/100 | Train Loss: 2.6400 | Val Loss: 2.6392 | Train Acc: 0.0713 | Val Acc: 0.0714 | Train F1: 0.0512 | Val F1: 0.0095
Epoch 090/100 | Train Loss: 2.6399 | Val Loss: 2.6395 | Train Acc: 0.0676 | Val Acc: 0.0714 | Train F1: 0.0558 | Val F1: 0.0095
Epoch 091/100 | Train Loss: 2.6400 | Val Loss: 2.6393 | Train Acc: 0.0699 | Val Acc: 0.0714 | Train F1: 0.0500 | Val F1: 0.0095
Epoch 092/100 | Train Loss: 2.6398 | Val Loss: 2.6394 | Train Acc: 0.0700 | Val Acc: 0.0714 | Train F1: 0.0607 | Val F1: 0.0095
Epoch 093/100 | Train Loss: 2.6398 | Val Loss: 2.6396 | Train Acc: 0.0696 | Val Acc: 0.0714 | Train F1: 0.0619 | Val F1: 0.0095
Epoch 094/100 | Train Loss: 2.6399 | Val Loss: 2.6395 | Train Acc: 0.0706 | Val Acc: 0.0714 | Train F1: 0.0492 | Val F1: 0.0095
Epoch 095/100 | Train Loss: 2.6399 | Val Loss: 2.6395 | Train Acc: 0.0691 | Val Acc: 0.0714 | Train F1: 0.0560 | Val F1: 0.0095
Epoch 096/100 | Train Loss: 2.6400 | Val Loss: 2.6394 | Train Acc: 0.0667 | Val Acc: 0.0714 | Train F1: 0.0563 | Val F1: 0.0095
Epoch 097/100 | Train Loss: 2.6400 | Val Loss: 2.6393 | Train Acc: 0.0693 | Val Acc: 0.0714 | Train F1: 0.0599 | Val F1: 0.0095
Epoch 098/100 | Train Loss: 2.6398 | Val Loss: 2.6393 | Train Acc: 0.0709 | Val Acc: 0.0714 | Train F1: 0.0581 | Val F1: 0.0095
Epoch 099/100 | Train Loss: 2.6399 | Val Loss: 2.6397 | Train Acc: 0.0691 | Val Acc: 0.0714 | Train F1: 0.0612 | Val F1: 0.0095
Epoch 100/100 | Train Loss: 2.6399 | Val Loss: 2.6394 | Train Acc: 0.0683 | Val Acc: 0.0714 | Train F1: 0.0598 | Val F1: 0.0095
Test Results | Loss: 2.6394 | Acc: 0.0714 | F1: 0.0095
AlexNet training and testing completed.
