Loading cuda/12.9.0/b3yzg3f
  Loading requirement: glibc/2.31/nm2n32h gcc-runtime/12.1.0/usjy2ic
    xz/5.6.3/s23r47p zlib-ng/2.1.5/lovduqa libiconv/1.18/656ulrj
    libxml2/2.13.5/iwuov3b
Resolved 101 packages in 0.97ms
Audited 76 packages in 0.83ms
Starting training and testing loops for model: AlexNet
Epoch 001/100 | Train Loss: 2.1219 | Val Loss: 1.7081 | Train Acc: 0.2707 | Val Acc: 0.4152 | Train F1: 0.2507 | Val F1: 0.3697
Epoch 002/100 | Train Loss: 1.6097 | Val Loss: 1.4027 | Train Acc: 0.4517 | Val Acc: 0.5301 | Train F1: 0.4332 | Val F1: 0.5191
Epoch 003/100 | Train Loss: 1.3808 | Val Loss: 1.3599 | Train Acc: 0.5307 | Val Acc: 0.5272 | Train F1: 0.5156 | Val F1: 0.5063
Epoch 004/100 | Train Loss: 1.2181 | Val Loss: 1.1206 | Train Acc: 0.5822 | Val Acc: 0.6156 | Train F1: 0.5711 | Val F1: 0.6040
Epoch 005/100 | Train Loss: 1.0745 | Val Loss: 1.0523 | Train Acc: 0.6315 | Val Acc: 0.6371 | Train F1: 0.6225 | Val F1: 0.6339
Epoch 006/100 | Train Loss: 0.9511 | Val Loss: 0.9474 | Train Acc: 0.6747 | Val Acc: 0.6737 | Train F1: 0.6681 | Val F1: 0.6683
Epoch 007/100 | Train Loss: 0.8482 | Val Loss: 0.9207 | Train Acc: 0.7097 | Val Acc: 0.6866 | Train F1: 0.7044 | Val F1: 0.6782
Epoch 008/100 | Train Loss: 0.7462 | Val Loss: 0.8514 | Train Acc: 0.7434 | Val Acc: 0.7085 | Train F1: 0.7398 | Val F1: 0.7022
Epoch 009/100 | Train Loss: 0.6623 | Val Loss: 0.7722 | Train Acc: 0.7716 | Val Acc: 0.7384 | Train F1: 0.7692 | Val F1: 0.7339
Epoch 010/100 | Train Loss: 0.5715 | Val Loss: 0.8101 | Train Acc: 0.8049 | Val Acc: 0.7286 | Train F1: 0.8030 | Val F1: 0.7221
Epoch 011/100 | Train Loss: 0.4915 | Val Loss: 0.7748 | Train Acc: 0.8292 | Val Acc: 0.7498 | Train F1: 0.8281 | Val F1: 0.7433
Epoch 012/100 | Train Loss: 0.4272 | Val Loss: 0.7635 | Train Acc: 0.8516 | Val Acc: 0.7504 | Train F1: 0.8508 | Val F1: 0.7433
Epoch 013/100 | Train Loss: 0.3608 | Val Loss: 0.7756 | Train Acc: 0.8751 | Val Acc: 0.7507 | Train F1: 0.8746 | Val F1: 0.7489
Epoch 014/100 | Train Loss: 0.3194 | Val Loss: 0.7419 | Train Acc: 0.8884 | Val Acc: 0.7681 | Train F1: 0.8881 | Val F1: 0.7652
Epoch 015/100 | Train Loss: 0.2652 | Val Loss: 0.7668 | Train Acc: 0.9064 | Val Acc: 0.7694 | Train F1: 0.9062 | Val F1: 0.7638
Epoch 016/100 | Train Loss: 0.2402 | Val Loss: 0.7699 | Train Acc: 0.9175 | Val Acc: 0.7670 | Train F1: 0.9173 | Val F1: 0.7628
Epoch 017/100 | Train Loss: 0.2137 | Val Loss: 0.8061 | Train Acc: 0.9257 | Val Acc: 0.7712 | Train F1: 0.9256 | Val F1: 0.7671
Epoch 018/100 | Train Loss: 0.1968 | Val Loss: 0.8000 | Train Acc: 0.9304 | Val Acc: 0.7770 | Train F1: 0.9303 | Val F1: 0.7746
Epoch 019/100 | Train Loss: 0.1788 | Val Loss: 0.8263 | Train Acc: 0.9391 | Val Acc: 0.7786 | Train F1: 0.9391 | Val F1: 0.7785
Epoch 020/100 | Train Loss: 0.1588 | Val Loss: 0.8369 | Train Acc: 0.9458 | Val Acc: 0.7779 | Train F1: 0.9458 | Val F1: 0.7764
Epoch 021/100 | Train Loss: 0.1541 | Val Loss: 0.8402 | Train Acc: 0.9474 | Val Acc: 0.7815 | Train F1: 0.9474 | Val F1: 0.7806
Epoch 022/100 | Train Loss: 0.1392 | Val Loss: 0.8883 | Train Acc: 0.9523 | Val Acc: 0.7746 | Train F1: 0.9522 | Val F1: 0.7731
Epoch 023/100 | Train Loss: 0.1258 | Val Loss: 0.8561 | Train Acc: 0.9568 | Val Acc: 0.7812 | Train F1: 0.9568 | Val F1: 0.7776
Epoch 024/100 | Train Loss: 0.1249 | Val Loss: 0.8887 | Train Acc: 0.9571 | Val Acc: 0.7761 | Train F1: 0.9570 | Val F1: 0.7751
Epoch 025/100 | Train Loss: 0.1205 | Val Loss: 0.8455 | Train Acc: 0.9574 | Val Acc: 0.7806 | Train F1: 0.9574 | Val F1: 0.7782
Epoch 026/100 | Train Loss: 0.1114 | Val Loss: 0.8827 | Train Acc: 0.9616 | Val Acc: 0.7781 | Train F1: 0.9616 | Val F1: 0.7767
Epoch 027/100 | Train Loss: 0.1058 | Val Loss: 0.9056 | Train Acc: 0.9647 | Val Acc: 0.7815 | Train F1: 0.9647 | Val F1: 0.7800
Epoch 028/100 | Train Loss: 0.1110 | Val Loss: 0.9359 | Train Acc: 0.9617 | Val Acc: 0.7833 | Train F1: 0.9616 | Val F1: 0.7788
Epoch 029/100 | Train Loss: 0.0989 | Val Loss: 0.9712 | Train Acc: 0.9658 | Val Acc: 0.7699 | Train F1: 0.9658 | Val F1: 0.7685
Epoch 030/100 | Train Loss: 0.0912 | Val Loss: 0.9389 | Train Acc: 0.9688 | Val Acc: 0.7835 | Train F1: 0.9688 | Val F1: 0.7812
Epoch 031/100 | Train Loss: 0.0991 | Val Loss: 0.9055 | Train Acc: 0.9665 | Val Acc: 0.7835 | Train F1: 0.9664 | Val F1: 0.7824
Epoch 032/100 | Train Loss: 0.0961 | Val Loss: 0.8808 | Train Acc: 0.9679 | Val Acc: 0.7859 | Train F1: 0.9679 | Val F1: 0.7846
Epoch 033/100 | Train Loss: 0.0892 | Val Loss: 0.8838 | Train Acc: 0.9695 | Val Acc: 0.7895 | Train F1: 0.9695 | Val F1: 0.7887
Epoch 034/100 | Train Loss: 0.0883 | Val Loss: 0.9625 | Train Acc: 0.9703 | Val Acc: 0.7888 | Train F1: 0.9702 | Val F1: 0.7857
Epoch 035/100 | Train Loss: 0.0800 | Val Loss: 0.9580 | Train Acc: 0.9733 | Val Acc: 0.7864 | Train F1: 0.9733 | Val F1: 0.7839
Epoch 036/100 | Train Loss: 0.0867 | Val Loss: 0.9261 | Train Acc: 0.9704 | Val Acc: 0.7746 | Train F1: 0.9704 | Val F1: 0.7710
Epoch 037/100 | Train Loss: 0.0810 | Val Loss: 0.9998 | Train Acc: 0.9728 | Val Acc: 0.8009 | Train F1: 0.9728 | Val F1: 0.7998
Epoch 038/100 | Train Loss: 0.0817 | Val Loss: 0.9013 | Train Acc: 0.9721 | Val Acc: 0.7815 | Train F1: 0.9721 | Val F1: 0.7807
Epoch 039/100 | Train Loss: 0.0759 | Val Loss: 0.9218 | Train Acc: 0.9748 | Val Acc: 0.7842 | Train F1: 0.9748 | Val F1: 0.7805
Epoch 040/100 | Train Loss: 0.0735 | Val Loss: 0.9224 | Train Acc: 0.9747 | Val Acc: 0.7844 | Train F1: 0.9747 | Val F1: 0.7827
Epoch 041/100 | Train Loss: 0.0733 | Val Loss: 1.0338 | Train Acc: 0.9754 | Val Acc: 0.7844 | Train F1: 0.9754 | Val F1: 0.7818
Epoch 042/100 | Train Loss: 0.0659 | Val Loss: 1.0873 | Train Acc: 0.9768 | Val Acc: 0.7824 | Train F1: 0.9768 | Val F1: 0.7818
Epoch 043/100 | Train Loss: 0.0732 | Val Loss: 0.9995 | Train Acc: 0.9753 | Val Acc: 0.7929 | Train F1: 0.9753 | Val F1: 0.7895
Epoch 044/100 | Train Loss: 0.0689 | Val Loss: 0.9766 | Train Acc: 0.9760 | Val Acc: 0.7900 | Train F1: 0.9760 | Val F1: 0.7875
Epoch 045/100 | Train Loss: 0.0660 | Val Loss: 0.9513 | Train Acc: 0.9772 | Val Acc: 0.7868 | Train F1: 0.9772 | Val F1: 0.7827
Epoch 046/100 | Train Loss: 0.0749 | Val Loss: 0.9323 | Train Acc: 0.9739 | Val Acc: 0.7944 | Train F1: 0.9739 | Val F1: 0.7918
Epoch 047/100 | Train Loss: 0.0616 | Val Loss: 0.9402 | Train Acc: 0.9779 | Val Acc: 0.7955 | Train F1: 0.9779 | Val F1: 0.7930
Epoch 048/100 | Train Loss: 0.0657 | Val Loss: 0.9977 | Train Acc: 0.9778 | Val Acc: 0.7915 | Train F1: 0.9778 | Val F1: 0.7870
Epoch 049/100 | Train Loss: 0.0608 | Val Loss: 1.0531 | Train Acc: 0.9788 | Val Acc: 0.7871 | Train F1: 0.9788 | Val F1: 0.7820
Epoch 050/100 | Train Loss: 0.0604 | Val Loss: 0.9722 | Train Acc: 0.9789 | Val Acc: 0.7908 | Train F1: 0.9789 | Val F1: 0.7872
Epoch 051/100 | Train Loss: 0.0616 | Val Loss: 1.0304 | Train Acc: 0.9797 | Val Acc: 0.7935 | Train F1: 0.9797 | Val F1: 0.7901
Epoch 052/100 | Train Loss: 0.0606 | Val Loss: 0.9868 | Train Acc: 0.9791 | Val Acc: 0.7868 | Train F1: 0.9791 | Val F1: 0.7821
Epoch 053/100 | Train Loss: 0.0595 | Val Loss: 1.0300 | Train Acc: 0.9789 | Val Acc: 0.7931 | Train F1: 0.9789 | Val F1: 0.7908
Epoch 054/100 | Train Loss: 0.0568 | Val Loss: 0.9890 | Train Acc: 0.9806 | Val Acc: 0.7935 | Train F1: 0.9806 | Val F1: 0.7920
Epoch 055/100 | Train Loss: 0.0631 | Val Loss: 1.0224 | Train Acc: 0.9785 | Val Acc: 0.7926 | Train F1: 0.9785 | Val F1: 0.7910
Epoch 056/100 | Train Loss: 0.0565 | Val Loss: 1.0426 | Train Acc: 0.9802 | Val Acc: 0.7893 | Train F1: 0.9802 | Val F1: 0.7863
Epoch 057/100 | Train Loss: 0.0560 | Val Loss: 0.9764 | Train Acc: 0.9806 | Val Acc: 0.8022 | Train F1: 0.9806 | Val F1: 0.8001
Epoch 058/100 | Train Loss: 0.0547 | Val Loss: 1.0032 | Train Acc: 0.9812 | Val Acc: 0.7969 | Train F1: 0.9812 | Val F1: 0.7951
Epoch 059/100 | Train Loss: 0.0581 | Val Loss: 1.1843 | Train Acc: 0.9802 | Val Acc: 0.7835 | Train F1: 0.9802 | Val F1: 0.7806
Epoch 060/100 | Train Loss: 0.0490 | Val Loss: 1.0975 | Train Acc: 0.9823 | Val Acc: 0.7964 | Train F1: 0.9823 | Val F1: 0.7931
Epoch 061/100 | Train Loss: 0.0591 | Val Loss: 0.9979 | Train Acc: 0.9794 | Val Acc: 0.7969 | Train F1: 0.9794 | Val F1: 0.7935
Epoch 062/100 | Train Loss: 0.0523 | Val Loss: 1.0626 | Train Acc: 0.9809 | Val Acc: 0.7871 | Train F1: 0.9809 | Val F1: 0.7834
Epoch 063/100 | Train Loss: 0.0544 | Val Loss: 1.0270 | Train Acc: 0.9812 | Val Acc: 0.7940 | Train F1: 0.9812 | Val F1: 0.7914
Epoch 064/100 | Train Loss: 0.0547 | Val Loss: 1.0203 | Train Acc: 0.9817 | Val Acc: 0.7888 | Train F1: 0.9817 | Val F1: 0.7865
Epoch 065/100 | Train Loss: 0.0503 | Val Loss: 1.1274 | Train Acc: 0.9830 | Val Acc: 0.7904 | Train F1: 0.9830 | Val F1: 0.7875
Epoch 066/100 | Train Loss: 0.0570 | Val Loss: 1.0069 | Train Acc: 0.9801 | Val Acc: 0.7913 | Train F1: 0.9801 | Val F1: 0.7893
Epoch 067/100 | Train Loss: 0.0485 | Val Loss: 1.0370 | Train Acc: 0.9832 | Val Acc: 0.7913 | Train F1: 0.9832 | Val F1: 0.7885
Epoch 068/100 | Train Loss: 0.0457 | Val Loss: 1.1098 | Train Acc: 0.9843 | Val Acc: 0.7920 | Train F1: 0.9843 | Val F1: 0.7891
Epoch 069/100 | Train Loss: 0.0560 | Val Loss: 1.0572 | Train Acc: 0.9809 | Val Acc: 0.7942 | Train F1: 0.9809 | Val F1: 0.7884
Epoch 070/100 | Train Loss: 0.0508 | Val Loss: 0.9435 | Train Acc: 0.9825 | Val Acc: 0.8016 | Train F1: 0.9825 | Val F1: 0.7988
Epoch 071/100 | Train Loss: 0.0438 | Val Loss: 1.1626 | Train Acc: 0.9840 | Val Acc: 0.7846 | Train F1: 0.9840 | Val F1: 0.7820
Epoch 072/100 | Train Loss: 0.0494 | Val Loss: 1.0956 | Train Acc: 0.9827 | Val Acc: 0.7984 | Train F1: 0.9827 | Val F1: 0.7974
Epoch 073/100 | Train Loss: 0.0488 | Val Loss: 1.0868 | Train Acc: 0.9825 | Val Acc: 0.7906 | Train F1: 0.9825 | Val F1: 0.7893
Epoch 074/100 | Train Loss: 0.0483 | Val Loss: 1.0690 | Train Acc: 0.9830 | Val Acc: 0.7980 | Train F1: 0.9830 | Val F1: 0.7952
Epoch 075/100 | Train Loss: 0.0489 | Val Loss: 0.9609 | Train Acc: 0.9835 | Val Acc: 0.7989 | Train F1: 0.9835 | Val F1: 0.7966
Epoch 076/100 | Train Loss: 0.0509 | Val Loss: 1.0130 | Train Acc: 0.9830 | Val Acc: 0.7931 | Train F1: 0.9830 | Val F1: 0.7904
Epoch 077/100 | Train Loss: 0.0407 | Val Loss: 1.1467 | Train Acc: 0.9850 | Val Acc: 0.7984 | Train F1: 0.9850 | Val F1: 0.7951
Epoch 078/100 | Train Loss: 0.0454 | Val Loss: 1.0738 | Train Acc: 0.9841 | Val Acc: 0.8049 | Train F1: 0.9841 | Val F1: 0.8035
Epoch 079/100 | Train Loss: 0.0479 | Val Loss: 1.0108 | Train Acc: 0.9835 | Val Acc: 0.7906 | Train F1: 0.9835 | Val F1: 0.7869
Epoch 080/100 | Train Loss: 0.0469 | Val Loss: 1.0202 | Train Acc: 0.9834 | Val Acc: 0.7960 | Train F1: 0.9834 | Val F1: 0.7938
Epoch 081/100 | Train Loss: 0.0442 | Val Loss: 1.0646 | Train Acc: 0.9839 | Val Acc: 0.7962 | Train F1: 0.9839 | Val F1: 0.7941
Epoch 082/100 | Train Loss: 0.0428 | Val Loss: 1.1125 | Train Acc: 0.9850 | Val Acc: 0.7931 | Train F1: 0.9850 | Val F1: 0.7909
Epoch 083/100 | Train Loss: 0.0503 | Val Loss: 1.0241 | Train Acc: 0.9825 | Val Acc: 0.7911 | Train F1: 0.9825 | Val F1: 0.7890
Epoch 084/100 | Train Loss: 0.0434 | Val Loss: 1.1554 | Train Acc: 0.9843 | Val Acc: 0.7913 | Train F1: 0.9843 | Val F1: 0.7875
Epoch 085/100 | Train Loss: 0.0476 | Val Loss: 0.9707 | Train Acc: 0.9838 | Val Acc: 0.7946 | Train F1: 0.9838 | Val F1: 0.7926
Epoch 086/100 | Train Loss: 0.0422 | Val Loss: 1.0751 | Train Acc: 0.9850 | Val Acc: 0.7982 | Train F1: 0.9850 | Val F1: 0.7949
Epoch 087/100 | Train Loss: 0.0436 | Val Loss: 1.2420 | Train Acc: 0.9845 | Val Acc: 0.7935 | Train F1: 0.9845 | Val F1: 0.7904
Epoch 088/100 | Train Loss: 0.0441 | Val Loss: 1.1536 | Train Acc: 0.9847 | Val Acc: 0.7967 | Train F1: 0.9847 | Val F1: 0.7944
Epoch 089/100 | Train Loss: 0.0433 | Val Loss: 1.1800 | Train Acc: 0.9849 | Val Acc: 0.7987 | Train F1: 0.9849 | Val F1: 0.7939
Epoch 090/100 | Train Loss: 0.0442 | Val Loss: 1.1531 | Train Acc: 0.9853 | Val Acc: 0.7951 | Train F1: 0.9853 | Val F1: 0.7944
Epoch 091/100 | Train Loss: 0.0407 | Val Loss: 1.1735 | Train Acc: 0.9859 | Val Acc: 0.8013 | Train F1: 0.9859 | Val F1: 0.7983
Epoch 092/100 | Train Loss: 0.0497 | Val Loss: 1.1317 | Train Acc: 0.9833 | Val Acc: 0.8042 | Train F1: 0.9833 | Val F1: 0.8008
Epoch 093/100 | Train Loss: 0.0401 | Val Loss: 1.2383 | Train Acc: 0.9862 | Val Acc: 0.7991 | Train F1: 0.9862 | Val F1: 0.7973
Epoch 094/100 | Train Loss: 0.0461 | Val Loss: 1.1306 | Train Acc: 0.9844 | Val Acc: 0.8011 | Train F1: 0.9844 | Val F1: 0.7988
Epoch 095/100 | Train Loss: 0.0453 | Val Loss: 1.0649 | Train Acc: 0.9847 | Val Acc: 0.7924 | Train F1: 0.9847 | Val F1: 0.7896
Epoch 096/100 | Train Loss: 0.0379 | Val Loss: 1.2866 | Train Acc: 0.9865 | Val Acc: 0.7895 | Train F1: 0.9865 | Val F1: 0.7882
Epoch 097/100 | Train Loss: 0.0412 | Val Loss: 1.2078 | Train Acc: 0.9852 | Val Acc: 0.8042 | Train F1: 0.9852 | Val F1: 0.8014
Epoch 098/100 | Train Loss: 0.0422 | Val Loss: 1.1404 | Train Acc: 0.9857 | Val Acc: 0.8045 | Train F1: 0.9857 | Val F1: 0.8009
Epoch 099/100 | Train Loss: 0.0420 | Val Loss: 1.2125 | Train Acc: 0.9856 | Val Acc: 0.8054 | Train F1: 0.9856 | Val F1: 0.8016
Epoch 100/100 | Train Loss: 0.0391 | Val Loss: 1.1528 | Train Acc: 0.9859 | Val Acc: 0.8025 | Train F1: 0.9859 | Val F1: 0.8007
Test Results | Loss: 1.1238 | Acc: 0.8049 | F1: 0.8034
AlexNet training and testing completed.
